=== FishGrabbingServer ===
正在初始化数据库连接...
数据库连接成功！
服务器已启动，端口: 80
[连接] #1 从 /127.0.0.1
[连接] #2 从 /127.0.0.1
推送注册: moyu
[连接] #3 从 /127.0.0.1
[连接] #4 从 /127.0.0.1
推送注册: moyu2
连接异常: Read timed out
[连接] #3 从 /127.0.0.1
推送注册: moyu
[连接] #4 从 /127.0.0.1
[推送] -> moyu2 | moyu | DUEL_INVITE:1001:0:4:UNO:1785983196744
[推送] -> moyu | moyu2 | DUEL_ACCEPT:1001
[推送] -> moyu | 系统 | DUEL_STATE:1001|0|4|UNO|moyu,0|moyu2,0
[推送] -> moyu2 | 系统 | DUEL_STATE:1001|0|4|UNO|moyu,0|moyu2,0
[推送] -> moyu | 系统 | DUEL_STATE:1001|0|4|UNO|moyu,0|moyu2,0|机器人1,1
[推送] -> moyu | 系统 | DUEL_BOTS_JOINED:1001
[推送] -> moyu2 | 系统 | DUEL_STATE:1001|0|4|UNO|moyu,0|moyu2,0|机器人1,1
[推送] -> moyu2 | 系统 | DUEL_BOTS_JOINED:1001
[自定义] 房间 1001 手动加入机器人: 机器人1
[推送] -> moyu | 系统 | DUEL_STATE:1001|0|4|UNO|moyu,0|moyu2,0|机器人1,1|机器人2,1
[推送] -> moyu | 系统 | DUEL_BOTS_JOINED:1001
[推送] -> moyu2 | 系统 | DUEL_STATE:1001|0|4|UNO|moyu,0|moyu2,0|机器人1,1|机器人2,1
[推送] -> moyu2 | 系统 | DUEL_BOTS_JOINED:1001
[自定义] 房间 1001 手动加入机器人: 机器人2
[对决] DUEL_READY 结果: SUCCESS|1001|0|4|UNO|moyu,0|moyu2,1|机器人1,1|机器人2,1
[对决] 准备后推送状态: 1001|0|4|UNO|moyu,0|moyu2,1|机器人1,1|机器人2,1
[推送] -> moyu | 系统 | DUEL_STATE:1001|0|4|UNO|moyu,0|moyu2,1|机器人1,1|机器人2,1
[推送] -> moyu2 | 系统 | DUEL_STATE:1001|0|4|UNO|moyu,0|moyu2,1|机器人1,1|机器人2,1
[推送] 无会话，无法推送给 机器人1 | DUEL_STATE:1001|0|4|UNO|moyu,0|moyu2,1|机器人1,1|机器人2,1
[推送] 无会话，无法推送给 机器人2 | DUEL_STATE:1001|0|4|UNO|moyu,0|moyu2,1|机器人1,1|机器人2,1
[对决] DUEL_READY 结果: SUCCESS|1001|0|4|UNO|moyu,1|moyu2,1|机器人1,1|机器人2,1|ALL_READY
[对决] 准备后推送状态: 1001|0|4|UNO|moyu,1|moyu2,1|机器人1,1|机器人2,1
[推送] -> moyu | 系统 | DUEL_STATE:1001|0|4|UNO|moyu,1|moyu2,1|机器人1,1|机器人2,1
[推送] -> moyu2 | 系统 | DUEL_STATE:1001|0|4|UNO|moyu,1|moyu2,1|机器人1,1|机器人2,1
[推送] 无会话，无法推送给 机器人1 | DUEL_STATE:1001|0|4|UNO|moyu,1|moyu2,1|机器人1,1|机器人2,1
[推送] 无会话，无法推送给 机器人2 | DUEL_STATE:1001|0|4|UNO|moyu,1|moyu2,1|机器人1,1|机器人2,1
[推送] -> moyu | 系统 | DUEL_GAME_START:1001:1785978545514:0
[推送] -> moyu2 | 系统 | DUEL_GAME_START:1001:1785978545514:0
[推送] 无会话，无法推送给 机器人1 | DUEL_GAME_START:1001:1785978545514:0
[推送] 无会话，无法推送给 机器人2 | DUEL_GAME_START:1001:1785978545514:0
[对决] 房间 1001 游戏开始，种子=1785978545514
[推送] -> moyu | 系统 | UNO_STATE:1001|0|1|1|0|0|R55|0||0|||moyu,7,0,0|moyu2,7,0,0|机器人1,7,0,0|机器人2,7,0,0|MYHAND|B99,Ys,G55,G66,B22,Rs,Bs
[推送] -> moyu2 | 系统 | UNO_STATE:1001|0|1|1|0|0|R55|0||0|||moyu,7,0,0|moyu2,7,0,0|机器人1,7,0,0|机器人2,7,0,0|MYHAND|R44,R99,B11,Yr,Y88,Br,Rd
[推送] 无会话，无法推送给 机器人1 | UNO_STATE:1001|0|1|1|0|0|R55|0||0|||moyu,7,0,0|moyu2,7,0,0|机器人1,7,0,0|机器人2,7,0,0|MYHAND|G33,Kf,Ys,Y44,Y00,B22,R55
[推送] 无会话，无法推送给 机器人2 | UNO_STATE:1001|0|1|1|0|0|R55|0||0|||moyu,7,0,0|moyu2,7,0,0|机器人1,7,0,0|机器人2,7,0,0|MYHAND|B33,Y33,Yd,G77,Gr,G00,B00
[UNO] 房间 1001 开局，玩家=[moyu, moyu2, 机器人1, 机器人2]
连接异常: Read timed out
[连接] #4 从 /127.0.0.1
推送注册: moyu2
连接异常: Read timed out
[连接] #4 从 /127.0.0.1
推送注册: moyu
连接异常: Read timed out
[连接] #4 从 /127.0.0.1
推送注册: moyu2
连接异常: Read timed out
[连接] #4 从 /127.0.0.1
推送注册: moyu
[推送] -> moyu | 系统 | UNO_STATE:1001|0|2|1|2|0|Rd|0||0|||moyu,7,0,0|moyu2,6,0,0|机器人1,7,0,0|机器人2,7,0,0|MYHAND|B99,Ys,G55,G66,B22,Rs,Bs
[推送] -> moyu2 | 系统 | UNO_STATE:1001|0|2|1|2|0|Rd|0||0|||moyu,7,0,0|moyu2,6,0,0|机器人1,7,0,0|机器人2,7,0,0|MYHAND|R44,R99,B11,Yr,Y88,Br
[推送] 无会话，无法推送给 机器人1 | UNO_STATE:1001|0|2|1|2|0|Rd|0||0|||moyu,7,0,0|moyu2,6,0,0|机器人1,7,0,0|机器人2,7,0,0|MYHAND|G33,Kf,Ys,Y44,Y00,B22,R55
[推送] 无会话，无法推送给 机器人2 | UNO_STATE:1001|0|2|1|2|0|Rd|0||0|||moyu,7,0,0|moyu2,6,0,0|机器人1,7,0,0|机器人2,7,0,0|MYHAND|B33,Y33,Yd,G77,Gr,G00,B00
[推送] -> moyu | 系统 | UNO_STATE:1001|1|3|1|6|0|Kf|0||0|机器人2||moyu,7,0,0|moyu2,6,0,0|机器人1,6,0,0|机器人2,7,0,0|MYHAND|B99,Ys,G55,G66,B22,Rs,Bs
[推送] -> moyu2 | 系统 | UNO_STATE:1001|1|3|1|6|0|Kf|0||0|机器人2||moyu,7,0,0|moyu2,6,0,0|机器人1,6,0,0|机器人2,7,0,0|MYHAND|R44,R99,B11,Yr,Y88,Br
[推送] 无会话，无法推送给 机器人1 | UNO_STATE:1001|1|3|1|6|0|Kf|0||0|机器人2||moyu,7,0,0|moyu2,6,0,0|机器人1,6,0,0|机器人2,7,0,0|MYHAND|G33,Ys,Y44,Y00,B22,R55
[推送] 无会话，无法推送给 机器人2 | UNO_STATE:1001|1|3|1|6|0|Kf|0||0|机器人2||moyu,7,0,0|moyu2,6,0,0|机器人1,6,0,0|机器人2,7,0,0|MYHAND|B33,Y33,Yd,G77,Gr,G00,B00
[推送] -> moyu | 系统 | UNO_STATE:1001|1|0|1|0|0|Kf|0||0|||moyu,7,0,0|moyu2,6,0,0|机器人1,6,0,0|机器人2,13,0,0|MYHAND|B99,Ys,G55,G66,B22,Rs,Bs
[推送] -> moyu2 | 系统 | UNO_STATE:1001|1|0|1|0|0|Kf|0||0|||moyu,7,0,0|moyu2,6,0,0|机器人1,6,0,0|机器人2,13,0,0|MYHAND|R44,R99,B11,Yr,Y88,Br
[推送] 无会话，无法推送给 机器人1 | UNO_STATE:1001|1|0|1|0|0|Kf|0||0|||moyu,7,0,0|moyu2,6,0,0|机器人1,6,0,0|机器人2,13,0,0|MYHAND|G33,Ys,Y44,Y00,B22,R55
[推送] 无会话，无法推送给 机器人2 | UNO_STATE:1001|1|0|1|0|0|Kf|0||0|||moyu,7,0,0|moyu2,6,0,0|机器人1,6,0,0|机器人2,13,0,0|MYHAND|B33,Y33,Yd,G77,Gr,G00,B00,Gd,R00,B99,Y77,Bd,Gd
[推送] -> moyu | 系统 | UNO_STATE:1001|1|2|1|0|0|Ys|0||0|||moyu,6,0,0|moyu2,6,0,0|机器人1,6,0,0|机器人2,13,0,0|MYHAND|B99,G55,G66,B22,Rs,Bs
[推送] -> moyu2 | 系统 | UNO_STATE:1001|1|2|1|0|0|Ys|0||0|||moyu,6,0,0|moyu2,6,0,0|机器人1,6,0,0|机器人2,13,0,0|MYHAND|R44,R99,B11,Yr,Y88,Br
[推送] 无会话，无法推送给 机器人1 | UNO_STATE:1001|1|2|1|0|0|Ys|0||0|||moyu,6,0,0|moyu2,6,0,0|机器人1,6,0,0|机器人2,13,0,0|MYHAND|G33,Ys,Y44,Y00,B22,R55
[推送] 无会话，无法推送给 机器人2 | UNO_STATE:1001|1|2|1|0|0|Ys|0||0|||moyu,6,0,0|moyu2,6,0,0|机器人1,6,0,0|机器人2,13,0,0|MYHAND|B33,Y33,Yd,G77,Gr,G00,B00,Gd,R00,B99,Y77,Bd,Gd
[推送] -> moyu | 系统 | UNO_STATE:1001|1|0|1|0|0|Ys|0||0|||moyu,6,0,0|moyu2,6,0,0|机器人1,5,0,0|机器人2,13,0,0|MYHAND|B99,G55,G66,B22,Rs,Bs
[推送] -> moyu2 | 系统 | UNO_STATE:1001|1|0|1|0|0|Ys|0||0|||moyu,6,0,0|moyu2,6,0,0|机器人1,5,0,0|机器人2,13,0,0|MYHAND|R44,R99,B11,Yr,Y88,Br
[推送] 无会话，无法推送给 机器人1 | UNO_STATE:1001|1|0|1|0|0|Ys|0||0|||moyu,6,0,0|moyu2,6,0,0|机器人1,5,0,0|机器人2,13,0,0|MYHAND|G33,Y44,Y00,B22,R55
[推送] 无会话，无法推送给 机器人2 | UNO_STATE:1001|1|0|1|0|0|Ys|0||0|||moyu,6,0,0|moyu2,6,0,0|机器人1,5,0,0|机器人2,13,0,0|MYHAND|B33,Y33,Yd,G77,Gr,G00,B00,Gd,R00,B99,Y77,Bd,Gd
[推送] -> moyu | 系统 | UNO_STATE:1001|3|2|1|0|0|Bs|0||0|||moyu,5,0,0|moyu2,6,0,0|机器人1,5,0,0|机器人2,13,0,0|MYHAND|B99,G55,G66,B22,Rs
[推送] -> moyu2 | 系统 | UNO_STATE:1001|3|2|1|0|0|Bs|0||0|||moyu,5,0,0|moyu2,6,0,0|机器人1,5,0,0|机器人2,13,0,0|MYHAND|R44,R99,B11,Yr,Y88,Br
[推送] 无会话，无法推送给 机器人1 | UNO_STATE:1001|3|2|1|0|0|Bs|0||0|||moyu,5,0,0|moyu2,6,0,0|机器人1,5,0,0|机器人2,13,0,0|MYHAND|G33,Y44,Y00,B22,R55
[推送] 无会话，无法推送给 机器人2 | UNO_STATE:1001|3|2|1|0|0|Bs|0||0|||moyu,5,0,0|moyu2,6,0,0|机器人1,5,0,0|机器人2,13,0,0|MYHAND|B33,Y33,Yd,G77,Gr,G00,B00,Gd,R00,B99,Y77,Bd,Gd
连接异常: Read timed out
[推送] -> moyu | 系统 | UNO_STATE:1001|3|3|1|0|0|B22|0||0|||moyu,5,0,0|moyu2,6,0,0|机器人1,4,0,0|机器人2,13,0,0|MYHAND|B99,G55,G66,B22,Rs
[推送] -> moyu2 | 系统 | UNO_STATE:1001|3|3|1|0|0|B22|0||0|||moyu,5,0,0|moyu2,6,0,0|机器人1,4,0,0|机器人2,13,0,0|MYHAND|R44,R99,B11,Yr,Y88,Br
[推送] 无会话，无法推送给 机器人1 | UNO_STATE:1001|3|3|1|0|0|B22|0||0|||moyu,5,0,0|moyu2,6,0,0|机器人1,4,0,0|机器人2,13,0,0|MYHAND|G33,Y44,Y00,R55
[推送] 无会话，无法推送给 机器人2 | UNO_STATE:1001|3|3|1|0|0|B22|0||0|||moyu,5,0,0|moyu2,6,0,0|机器人1,4,0,0|机器人2,13,0,0|MYHAND|B33,Y33,Yd,G77,Gr,G00,B00,Gd,R00,B99,Y77,Bd,Gd
[连接] #4 从 /127.0.0.1
推送注册: moyu2
[推送] -> moyu | 系统 | UNO_STATE:1001|3|0|1|0|0|B33|0||0|||moyu,5,0,0|moyu2,6,0,0|机器人1,4,0,0|机器人2,12,0,0|MYHAND|B99,G55,G66,B22,Rs
[推送] -> moyu2 | 系统 | UNO_STATE:1001|3|0|1|0|0|B33|0||0|||moyu,5,0,0|moyu2,6,0,0|机器人1,4,0,0|机器人2,12,0,0|MYHAND|R44,R99,B11,Yr,Y88,Br
[推送] 无会话，无法推送给 机器人1 | UNO_STATE:1001|3|0|1|0|0|B33|0||0|||moyu,5,0,0|moyu2,6,0,0|机器人1,4,0,0|机器人2,12,0,0|MYHAND|G33,Y44,Y00,R55
[推送] 无会话，无法推送给 机器人2 | UNO_STATE:1001|3|0|1|0|0|B33|0||0|||moyu,5,0,0|moyu2,6,0,0|机器人1,4,0,0|机器人2,12,0,0|MYHAND|Y33,Yd,G77,Gr,G00,B00,Gd,R00,B99,Y77,Bd,Gd
连接异常: Read timed out
[连接] #4 从 /127.0.0.1
推送注册: moyu
[推送] -> moyu | 系统 | UNO_STATE:1001|3|1|1|0|0|B22|0||0|||moyu,4,0,0|moyu2,6,0,0|机器人1,4,0,0|机器人2,12,0,0|MYHAND|B99,G55,G66,Rs
[推送] -> moyu2 | 系统 | UNO_STATE:1001|3|1|1|0|0|B22|0||0|||moyu,4,0,0|moyu2,6,0,0|机器人1,4,0,0|机器人2,12,0,0|MYHAND|R44,R99,B11,Yr,Y88,Br
[推送] 无会话，无法推送给 机器人1 | UNO_STATE:1001|3|1|1|0|0|B22|0||0|||moyu,4,0,0|moyu2,6,0,0|机器人1,4,0,0|机器人2,12,0,0|MYHAND|G33,Y44,Y00,R55
[推送] 无会话，无法推送给 机器人2 | UNO_STATE:1001|3|1|1|0|0|B22|0||0|||moyu,4,0,0|moyu2,6,0,0|机器人1,4,0,0|机器人2,12,0,0|MYHAND|Y33,Yd,G77,Gr,G00,B00,Gd,R00,B99,Y77,Bd,Gd
[推送] -> moyu | 系统 | UNO_STATE:1001|3|0|-1|0|1|Br|0||0|||moyu,4,0,0|moyu2,5,0,0|机器人1,4,0,0|机器人2,12,0,0|MYHAND|B99,G55,G66,Rs
[推送] -> moyu2 | 系统 | UNO_STATE:1001|3|0|-1|0|1|Br|0||0|||moyu,4,0,0|moyu2,5,0,0|机器人1,4,0,0|机器人2,12,0,0|MYHAND|R44,R99,B11,Yr,Y88
[推送] 无会话，无法推送给 机器人1 | UNO_STATE:1001|3|0|-1|0|1|Br|0||0|||moyu,4,0,0|moyu2,5,0,0|机器人1,4,0,0|机器人2,12,0,0|MYHAND|G33,Y44,Y00,R55
[推送] 无会话，无法推送给 机器人2 | UNO_STATE:1001|3|0|-1|0|1|Br|0||0|||moyu,4,0,0|moyu2,5,0,0|机器人1,4,0,0|机器人2,12,0,0|MYHAND|Y33,Yd,G77,Gr,G00,B00,Gd,R00,B99,Y77,Bd,Gd
[推送] -> moyu | 系统 | UNO_STATE:1001|3|3|-1|0|1|B99|0||0|||moyu,3,0,0|moyu2,5,0,0|机器人1,4,0,0|机器人2,12,0,0|MYHAND|G55,G66,Rs
[推送] -> moyu2 | 系统 | UNO_STATE:1001|3|3|-1|0|1|B99|0||0|||moyu,3,0,0|moyu2,5,0,0|机器人1,4,0,0|机器人2,12,0,0|MYHAND|R44,R99,B11,Yr,Y88
[推送] 无会话，无法推送给 机器人1 | UNO_STATE:1001|3|3|-1|0|1|B99|0||0|||moyu,3,0,0|moyu2,5,0,0|机器人1,4,0,0|机器人2,12,0,0|MYHAND|G33,Y44,Y00,R55
[推送] 无会话，无法推送给 机器人2 | UNO_STATE:1001|3|3|-1|0|1|B99|0||0|||moyu,3,0,0|moyu2,5,0,0|机器人1,4,0,0|机器人2,12,0,0|MYHAND|Y33,Yd,G77,Gr,G00,B00,Gd,R00,B99,Y77,Bd,Gd
[推送] -> moyu | 系统 | UNO_STATE:1001|3|2|-1|0|1|B00|0||0|||moyu,3,0,0|moyu2,5,0,0|机器人1,4,0,0|机器人2,11,0,0|MYHAND|G55,G66,Rs
[推送] -> moyu2 | 系统 | UNO_STATE:1001|3|2|-1|0|1|B00|0||0|||moyu,3,0,0|moyu2,5,0,0|机器人1,4,0,0|机器人2,11,0,0|MYHAND|R44,R99,B11,Yr,Y88
[推送] 无会话，无法推送给 机器人1 | UNO_STATE:1001|3|2|-1|0|1|B00|0||0|||moyu,3,0,0|moyu2,5,0,0|机器人1,4,0,0|机器人2,11,0,0|MYHAND|G33,Y44,Y00,R55
[推送] 无会话，无法推送给 机器人2 | UNO_STATE:1001|3|2|-1|0|1|B00|0||0|||moyu,3,0,0|moyu2,5,0,0|机器人1,4,0,0|机器人2,11,0,0|MYHAND|Y33,Yd,G77,Gr,G00,Gd,R00,B99,Y77,Bd,Gd
[推送] -> moyu | 系统 | UNO_STATE:1001|1|1|-1|0|1|Y00|0||0|||moyu,3,0,0|moyu2,5,0,0|机器人1,3,0,0|机器人2,11,0,0|MYHAND|G55,G66,Rs
[推送] -> moyu2 | 系统 | UNO_STATE:1001|1|1|-1|0|1|Y00|0||0|||moyu,3,0,0|moyu2,5,0,0|机器人1,3,0,0|机器人2,11,0,0|MYHAND|R44,R99,B11,Yr,Y88
[推送] 无会话，无法推送给 机器人1 | UNO_STATE:1001|1|1|-1|0|1|Y00|0||0|||moyu,3,0,0|moyu2,5,0,0|机器人1,3,0,0|机器人2,11,0,0|MYHAND|G33,Y44,R55
[推送] 无会话，无法推送给 机器人2 | UNO_STATE:1001|1|1|-1|0|1|Y00|0||0|||moyu,3,0,0|moyu2,5,0,0|机器人1,3,0,0|机器人2,11,0,0|MYHAND|Y33,Yd,G77,Gr,G00,Gd,R00,B99,Y77,Bd,Gd
[推送] -> moyu | 系统 | UNO_STATE:1001|1|2|1|0|0|Yr|0||0|||moyu,3,0,0|moyu2,4,0,0|机器人1,3,0,0|机器人2,11,0,0|MYHAND|G55,G66,Rs
[推送] -> moyu2 | 系统 | UNO_STATE:1001|1|2|1|0|0|Yr|0||0|||moyu,3,0,0|moyu2,4,0,0|机器人1,3,0,0|机器人2,11,0,0|MYHAND|R44,R99,B11,Y88
[推送] 无会话，无法推送给 机器人1 | UNO_STATE:1001|1|2|1|0|0|Yr|0||0|||moyu,3,0,0|moyu2,4,0,0|机器人1,3,0,0|机器人2,11,0,0|MYHAND|G33,Y44,R55
[推送] 无会话，无法推送给 机器人2 | UNO_STATE:1001|1|2|1|0|0|Yr|0||0|||moyu,3,0,0|moyu2,4,0,0|机器人1,3,0,0|机器人2,11,0,0|MYHAND|Y33,Yd,G77,Gr,G00,Gd,R00,B99,Y77,Bd,Gd
[推送] -> moyu | 系统 | UNO_STATE:1001|1|3|1|0|0|Y44|0||0|||moyu,3,0,0|moyu2,4,0,0|机器人1,2,0,0|机器人2,11,0,0|MYHAND|G55,G66,Rs
[推送] -> moyu2 | 系统 | UNO_STATE:1001|1|3|1|0|0|Y44|0||0|||moyu,3,0,0|moyu2,4,0,0|机器人1,2,0,0|机器人2,11,0,0|MYHAND|R44,R99,B11,Y88
[推送] 无会话，无法推送给 机器人1 | UNO_STATE:1001|1|3|1|0|0|Y44|0||0|||moyu,3,0,0|moyu2,4,0,0|机器人1,2,0,0|机器人2,11,0,0|MYHAND|G33,R55
[推送] 无会话，无法推送给 机器人2 | UNO_STATE:1001|1|3|1|0|0|Y44|0||0|||moyu,3,0,0|moyu2,4,0,0|机器人1,2,0,0|机器人2,11,0,0|MYHAND|Y33,Yd,G77,Gr,G00,Gd,R00,B99,Y77,Bd,Gd
[推送] -> moyu | 系统 | UNO_STATE:1001|1|0|1|0|0|Y33|0||0|||moyu,3,0,0|moyu2,4,0,0|机器人1,2,0,0|机器人2,10,0,0|MYHAND|G55,G66,Rs
[推送] -> moyu2 | 系统 | UNO_STATE:1001|1|0|1|0|0|Y33|0||0|||moyu,3,0,0|moyu2,4,0,0|机器人1,2,0,0|机器人2,10,0,0|MYHAND|R44,R99,B11,Y88
[推送] 无会话，无法推送给 机器人1 | UNO_STATE:1001|1|0|1|0|0|Y33|0||0|||moyu,3,0,0|moyu2,4,0,0|机器人1,2,0,0|机器人2,10,0,0|MYHAND|G33,R55
[推送] 无会话，无法推送给 机器人2 | UNO_STATE:1001|1|0|1|0|0|Y33|0||0|||moyu,3,0,0|moyu2,4,0,0|机器人1,2,0,0|机器人2,10,0,0|MYHAND|Yd,G77,Gr,G00,Gd,R00,B99,Y77,Bd,Gd
[推送] -> moyu | 系统 | UNO_STATE:1001|1|0|1|0|0|Y33|0||0||moyu,3|moyu,4,0,0|moyu2,4,0,0|机器人1,2,0,0|机器人2,10,0,0|MYHAND|G55,G66,Rs,Kf
[推送] -> moyu2 | 系统 | UNO_STATE:1001|1|0|1|0|0|Y33|0||0||moyu,3|moyu,4,0,0|moyu2,4,0,0|机器人1,2,0,0|机器人2,10,0,0|MYHAND|R44,R99,B11,Y88
[推送] 无会话，无法推送给 机器人1 | UNO_STATE:1001|1|0|1|0|0|Y33|0||0||moyu,3|moyu,4,0,0|moyu2,4,0,0|机器人1,2,0,0|机器人2,10,0,0|MYHAND|G33,R55
[推送] 无会话，无法推送给 机器人2 | UNO_STATE:1001|1|0|1|0|0|Y33|0||0||moyu,3|moyu,4,0,0|moyu2,4,0,0|机器人1,2,0,0|机器人2,10,0,0|MYHAND|Yd,G77,Gr,G00,Gd,R00,B99,Y77,Bd,Gd
[推送] -> moyu | 系统 | UNO_STATE:1001|2|1|1|4|0|Kf|0||0|moyu2||moyu,3,0,0|moyu2,4,0,0|机器人1,2,0,0|机器人2,10,0,0|MYHAND|G55,G66,Rs
[推送] -> moyu2 | 系统 | UNO_STATE:1001|2|1|1|4|0|Kf|0||0|moyu2||moyu,3,0,0|moyu2,4,0,0|机器人1,2,0,0|机器人2,10,0,0|MYHAND|R44,R99,B11,Y88
[推送] 无会话，无法推送给 机器人1 | UNO_STATE:1001|2|1|1|4|0|Kf|0||0|moyu2||moyu,3,0,0|moyu2,4,0,0|机器人1,2,0,0|机器人2,10,0,0|MYHAND|G33,R55
[推送] 无会话，无法推送给 机器人2 | UNO_STATE:1001|2|1|1|4|0|Kf|0||0|moyu2||moyu,3,0,0|moyu2,4,0,0|机器人1,2,0,0|机器人2,10,0,0|MYHAND|Yd,G77,Gr,G00,Gd,R00,B99,Y77,Bd,Gd
连接异常: Read timed out
[连接] #4 从 /127.0.0.1
推送注册: moyu2
连接异常: Read timed out
[推送] -> moyu | 系统 | UNO_STATE:1001|2|2|1|0|0|Kf|0||0|||moyu,7,0,0|moyu2,4,0,0|机器人1,2,0,0|机器人2,10,0,0|MYHAND|G55,G66,Rs,B77,Gs,B88,B88
[推送] -> moyu2 | 系统 | UNO_STATE:1001|2|2|1|0|0|Kf|0||0|||moyu,7,0,0|moyu2,4,0,0|机器人1,2,0,0|机器人2,10,0,0|MYHAND|R44,R99,B11,Y88
[推送] 无会话，无法推送给 机器人1 | UNO_STATE:1001|2|2|1|0|0|Kf|0||0|||moyu,7,0,0|moyu2,4,0,0|机器人1,2,0,0|机器人2,10,0,0|MYHAND|G33,R55
[推送] 无会话，无法推送给 机器人2 | UNO_STATE:1001|2|2|1|0|0|Kf|0||0|||moyu,7,0,0|moyu2,4,0,0|机器人1,2,0,0|机器人2,10,0,0|MYHAND|Yd,G77,Gr,G00,Gd,R00,B99,Y77,Bd,Gd
[连接] #4 从 /127.0.0.1
推送注册: moyu
[推送] -> moyu | 系统 | UNO_STATE:1001|2|3|1|0|0|G33|0||0|||moyu,7,0,0|moyu2,4,0,0|机器人1,1,1,0|机器人2,10,0,0|MYHAND|G55,G66,Rs,B77,Gs,B88,B88
[推送] -> moyu2 | 系统 | UNO_STATE:1001|2|3|1|0|0|G33|0||0|||moyu,7,0,0|moyu2,4,0,0|机器人1,1,1,0|机器人2,10,0,0|MYHAND|R44,R99,B11,Y88
[推送] 无会话，无法推送给 机器人1 | UNO_STATE:1001|2|3|1|0|0|G33|0||0|||moyu,7,0,0|moyu2,4,0,0|机器人1,1,1,0|机器人2,10,0,0|MYHAND|R55
[推送] 无会话，无法推送给 机器人2 | UNO_STATE:1001|2|3|1|0|0|G33|0||0|||moyu,7,0,0|moyu2,4,0,0|机器人1,1,1,0|机器人2,10,0,0|MYHAND|Yd,G77,Gr,G00,Gd,R00,B99,Y77,Bd,Gd
[推送] -> moyu | 系统 | UNO_STATE:1001|2|0|1|0|0|G77|0||0|||moyu,7,0,0|moyu2,4,0,0|机器人1,1,1,0|机器人2,9,0,0|MYHAND|G55,G66,Rs,B77,Gs,B88,B88
[推送] -> moyu2 | 系统 | UNO_STATE:1001|2|0|1|0|0|G77|0||0|||moyu,7,0,0|moyu2,4,0,0|机器人1,1,1,0|机器人2,9,0,0|MYHAND|R44,R99,B11,Y88
[推送] 无会话，无法推送给 机器人1 | UNO_STATE:1001|2|0|1|0|0|G77|0||0|||moyu,7,0,0|moyu2,4,0,0|机器人1,1,1,0|机器人2,9,0,0|MYHAND|R55
[推送] 无会话，无法推送给 机器人2 | UNO_STATE:1001|2|0|1|0|0|G77|0||0|||moyu,7,0,0|moyu2,4,0,0|机器人1,1,1,0|机器人2,9,0,0|MYHAND|Yd,Gr,G00,Gd,R00,B99,Y77,Bd,Gd
[推送] -> moyu | 系统 | UNO_STATE:1001|2|2|1|0|0|Gs|0||0|||moyu,6,0,0|moyu2,4,0,0|机器人1,1,1,0|机器人2,9,0,0|MYHAND|G55,G66,Rs,B77,B88,B88
[推送] -> moyu2 | 系统 | UNO_STATE:1001|2|2|1|0|0|Gs|0||0|||moyu,6,0,0|moyu2,4,0,0|机器人1,1,1,0|机器人2,9,0,0|MYHAND|R44,R99,B11,Y88
[推送] 无会话，无法推送给 机器人1 | UNO_STATE:1001|2|2|1|0|0|Gs|0||0|||moyu,6,0,0|moyu2,4,0,0|机器人1,1,1,0|机器人2,9,0,0|MYHAND|R55
[推送] 无会话，无法推送给 机器人2 | UNO_STATE:1001|2|2|1|0|0|Gs|0||0|||moyu,6,0,0|moyu2,4,0,0|机器人1,1,1,0|机器人2,9,0,0|MYHAND|Yd,Gr,G00,Gd,R00,B99,Y77,Bd,Gd
[推送] -> moyu | 系统 | UNO_STATE:1001|2|3|1|0|0|Gs|0||0|||moyu,6,0,0|moyu2,4,0,0|机器人1,2,0,0|机器人2,9,0,0|MYHAND|G55,G66,Rs,B77,B88,B88
[推送] -> moyu2 | 系统 | UNO_STATE:1001|2|3|1|0|0|Gs|0||0|||moyu,6,0,0|moyu2,4,0,0|机器人1,2,0,0|机器人2,9,0,0|MYHAND|R44,R99,B11,Y88
[推送] 无会话，无法推送给 机器人1 | UNO_STATE:1001|2|3|1|0|0|Gs|0||0|||moyu,6,0,0|moyu2,4,0,0|机器人1,2,0,0|机器人2,9,0,0|MYHAND|R55,R77
[推送] 无会话，无法推送给 机器人2 | UNO_STATE:1001|2|3|1|0|0|Gs|0||0|||moyu,6,0,0|moyu2,4,0,0|机器人1,2,0,0|机器人2,9,0,0|MYHAND|Yd,Gr,G00,Gd,R00,B99,Y77,Bd,Gd
[推送] -> moyu | 系统 | UNO_STATE:1001|2|2|-1|0|1|Gr|0||0|||moyu,6,0,0|moyu2,4,0,0|机器人1,2,0,0|机器人2,8,0,0|MYHAND|G55,G66,Rs,B77,B88,B88
[推送] -> moyu2 | 系统 | UNO_STATE:1001|2|2|-1|0|1|Gr|0||0|||moyu,6,0,0|moyu2,4,0,0|机器人1,2,0,0|机器人2,8,0,0|MYHAND|R44,R99,B11,Y88
[推送] 无会话，无法推送给 机器人1 | UNO_STATE:1001|2|2|-1|0|1|Gr|0||0|||moyu,6,0,0|moyu2,4,0,0|机器人1,2,0,0|机器人2,8,0,0|MYHAND|R55,R77
[推送] 无会话，无法推送给 机器人2 | UNO_STATE:1001|2|2|-1|0|1|Gr|0||0|||moyu,6,0,0|moyu2,4,0,0|机器人1,2,0,0|机器人2,8,0,0|MYHAND|Yd,G00,Gd,R00,B99,Y77,Bd,Gd
[推送] -> moyu | 系统 | UNO_STATE:1001|2|1|-1|0|1|Gr|0||0|||moyu,6,0,0|moyu2,4,0,0|机器人1,3,0,0|机器人2,8,0,0|MYHAND|G55,G66,Rs,B77,B88,B88
[推送] -> moyu2 | 系统 | UNO_STATE:1001|2|1|-1|0|1|Gr|0||0|||moyu,6,0,0|moyu2,4,0,0|机器人1,3,0,0|机器人2,8,0,0|MYHAND|R44,R99,B11,Y88
[推送] 无会话，无法推送给 机器人1 | UNO_STATE:1001|2|1|-1|0|1|Gr|0||0|||moyu,6,0,0|moyu2,4,0,0|机器人1,3,0,0|机器人2,8,0,0|MYHAND|R55,R77,Y55
[推送] 无会话，无法推送给 机器人2 | UNO_STATE:1001|2|1|-1|0|1|Gr|0||0|||moyu,6,0,0|moyu2,4,0,0|机器人1,3,0,0|机器人2,8,0,0|MYHAND|Yd,G00,Gd,R00,B99,Y77,Bd,Gd
[推送] -> moyu | 系统 | UNO_STATE:1001|2|0|-1|0|1|Gr|0||0|||moyu,6,0,0|moyu2,5,0,0|机器人1,3,0,0|机器人2,8,0,0|MYHAND|G55,G66,Rs,B77,B88,B88
[推送] -> moyu2 | 系统 | UNO_STATE:1001|2|0|-1|0|1|Gr|0||0|||moyu,6,0,0|moyu2,5,0,0|机器人1,3,0,0|机器人2,8,0,0|MYHAND|R44,R99,B11,Y88,R44
[推送] 无会话，无法推送给 机器人1 | UNO_STATE:1001|2|0|-1|0|1|Gr|0||0|||moyu,6,0,0|moyu2,5,0,0|机器人1,3,0,0|机器人2,8,0,0|MYHAND|R55,R77,Y55
[推送] 无会话，无法推送给 机器人2 | UNO_STATE:1001|2|0|-1|0|1|Gr|0||0|||moyu,6,0,0|moyu2,5,0,0|机器人1,3,0,0|机器人2,8,0,0|MYHAND|Yd,G00,Gd,R00,B99,Y77,Bd,Gd
[推送] -> moyu | 系统 | UNO_STATE:1001|2|3|-1|0|1|G55|0||0|||moyu,5,0,0|moyu2,5,0,0|机器人1,3,0,0|机器人2,8,0,0|MYHAND|G66,Rs,B77,B88,B88
[推送] -> moyu2 | 系统 | UNO_STATE:1001|2|3|-1|0|1|G55|0||0|||moyu,5,0,0|moyu2,5,0,0|机器人1,3,0,0|机器人2,8,0,0|MYHAND|R44,R99,B11,Y88,R44
[推送] 无会话，无法推送给 机器人1 | UNO_STATE:1001|2|3|-1|0|1|G55|0||0|||moyu,5,0,0|moyu2,5,0,0|机器人1,3,0,0|机器人2,8,0,0|MYHAND|R55,R77,Y55
[推送] 无会话，无法推送给 机器人2 | UNO_STATE:1001|2|3|-1|0|1|G55|0||0|||moyu,5,0,0|moyu2,5,0,0|机器人1,3,0,0|机器人2,8,0,0|MYHAND|Yd,G00,Gd,R00,B99,Y77,Bd,Gd
[推送] -> moyu | 系统 | UNO_STATE:1001|2|2|-1|0|1|G00|0||0|||moyu,5,0,0|moyu2,5,0,0|机器人1,3,0,0|机器人2,7,0,0|MYHAND|G66,Rs,B77,B88,B88
[推送] -> moyu2 | 系统 | UNO_STATE:1001|2|2|-1|0|1|G00|0||0|||moyu,5,0,0|moyu2,5,0,0|机器人1,3,0,0|机器人2,7,0,0|MYHAND|R44,R99,B11,Y88,R44
[推送] 无会话，无法推送给 机器人1 | UNO_STATE:1001|2|2|-1|0|1|G00|0||0|||moyu,5,0,0|moyu2,5,0,0|机器人1,3,0,0|机器人2,7,0,0|MYHAND|R55,R77,Y55
[推送] 无会话，无法推送给 机器人2 | UNO_STATE:1001|2|2|-1|0|1|G00|0||0|||moyu,5,0,0|moyu2,5,0,0|机器人1,3,0,0|机器人2,7,0,0|MYHAND|Yd,Gd,R00,B99,Y77,Bd,Gd
[推送] -> moyu | 系统 | UNO_STATE:1001|0|1|-1|0|1|Kw|0||0|||moyu,5,0,0|moyu2,5,0,0|机器人1,3,0,0|机器人2,7,0,0|MYHAND|G66,Rs,B77,B88,B88
[推送] -> moyu2 | 系统 | UNO_STATE:1001|0|1|-1|0|1|Kw|0||0|||moyu,5,0,0|moyu2,5,0,0|机器人1,3,0,0|机器人2,7,0,0|MYHAND|R44,R99,B11,Y88,R44
[推送] 无会话，无法推送给 机器人1 | UNO_STATE:1001|0|1|-1|0|1|Kw|0||0|||moyu,5,0,0|moyu2,5,0,0|机器人1,3,0,0|机器人2,7,0,0|MYHAND|R55,R77,Y55
[推送] 无会话，无法推送给 机器人2 | UNO_STATE:1001|0|1|-1|0|1|Kw|0||0|||moyu,5,0,0|moyu2,5,0,0|机器人1,3,0,0|机器人2,7,0,0|MYHAND|Yd,Gd,R00,B99,Y77,Bd,Gd
[推送] -> moyu | 系统 | UNO_STATE:1001|0|0|-1|0|1|R44|0||0|||moyu,5,0,0|moyu2,4,0,0|机器人1,3,0,0|机器人2,7,0,0|MYHAND|G66,Rs,B77,B88,B88
[推送] -> moyu2 | 系统 | UNO_STATE:1001|0|0|-1|0|1|R44|0||0|||moyu,5,0,0|moyu2,4,0,0|机器人1,3,0,0|机器人2,7,0,0|MYHAND|R99,B11,Y88,R44
[推送] 无会话，无法推送给 机器人1 | UNO_STATE:1001|0|0|-1|0|1|R44|0||0|||moyu,5,0,0|moyu2,4,0,0|机器人1,3,0,0|机器人2,7,0,0|MYHAND|R55,R77,Y55
[推送] 无会话，无法推送给 机器人2 | UNO_STATE:1001|0|0|-1|0|1|R44|0||0|||moyu,5,0,0|moyu2,4,0,0|机器人1,3,0,0|机器人2,7,0,0|MYHAND|Yd,Gd,R00,B99,Y77,Bd,Gd
[推送] -> moyu | 系统 | UNO_STATE:1001|0|2|-1|0|1|Rs|0||0|||moyu,4,0,0|moyu2,4,0,0|机器人1,3,0,0|机器人2,7,0,0|MYHAND|G66,B77,B88,B88
[推送] -> moyu2 | 系统 | UNO_STATE:1001|0|2|-1|0|1|Rs|0||0|||moyu,4,0,0|moyu2,4,0,0|机器人1,3,0,0|机器人2,7,0,0|MYHAND|R99,B11,Y88,R44
[推送] 无会话，无法推送给 机器人1 | UNO_STATE:1001|0|2|-1|0|1|Rs|0||0|||moyu,4,0,0|moyu2,4,0,0|机器人1,3,0,0|机器人2,7,0,0|MYHAND|R55,R77,Y55
[推送] 无会话，无法推送给 机器人2 | UNO_STATE:1001|0|2|-1|0|1|Rs|0||0|||moyu,4,0,0|moyu2,4,0,0|机器人1,3,0,0|机器人2,7,0,0|MYHAND|Yd,Gd,R00,B99,Y77,Bd,Gd
连接异常: Read timed out
[连接] #4 从 /127.0.0.1
推送注册: moyu2
[推送] -> moyu | 系统 | UNO_STATE:1001|0|1|-1|0|1|R55|0||0|||moyu,4,0,0|moyu2,4,0,0|机器人1,2,0,0|机器人2,7,0,0|MYHAND|G66,B77,B88,B88
[推送] -> moyu2 | 系统 | UNO_STATE:1001|0|1|-1|0|1|R55|0||0|||moyu,4,0,0|moyu2,4,0,0|机器人1,2,0,0|机器人2,7,0,0|MYHAND|R99,B11,Y88,R44
[推送] 无会话，无法推送给 机器人1 | UNO_STATE:1001|0|1|-1|0|1|R55|0||0|||moyu,4,0,0|moyu2,4,0,0|机器人1,2,0,0|机器人2,7,0,0|MYHAND|R77,Y55
[推送] 无会话，无法推送给 机器人2 | UNO_STATE:1001|0|1|-1|0|1|R55|0||0|||moyu,4,0,0|moyu2,4,0,0|机器人1,2,0,0|机器人2,7,0,0|MYHAND|Yd,Gd,R00,B99,Y77,Bd,Gd
连接异常: Read timed out
[连接] #4 从 /127.0.0.1
推送注册: moyu
[推送] -> moyu | 系统 | UNO_STATE:1001|0|0|-1|0|1|R99|0||0|||moyu,4,0,0|moyu2,3,0,0|机器人1,2,0,0|机器人2,7,0,0|MYHAND|G66,B77,B88,B88
[推送] -> moyu2 | 系统 | UNO_STATE:1001|0|0|-1|0|1|R99|0||0|||moyu,4,0,0|moyu2,3,0,0|机器人1,2,0,0|机器人2,7,0,0|MYHAND|B11,Y88,R44
[推送] 无会话，无法推送给 机器人1 | UNO_STATE:1001|0|0|-1|0|1|R99|0||0|||moyu,4,0,0|moyu2,3,0,0|机器人1,2,0,0|机器人2,7,0,0|MYHAND|R77,Y55
[推送] 无会话，无法推送给 机器人2 | UNO_STATE:1001|0|0|-1|0|1|R99|0||0|||moyu,4,0,0|moyu2,3,0,0|机器人1,2,0,0|机器人2,7,0,0|MYHAND|Yd,Gd,R00,B99,Y77,Bd,Gd
[推送] -> moyu | 系统 | UNO_STATE:1001|0|3|-1|0|1|R99|0||0|||moyu,5,0,0|moyu2,3,0,0|机器人1,2,0,0|机器人2,7,0,0|MYHAND|G66,B77,B88,B88,Y77
[推送] -> moyu2 | 系统 | UNO_STATE:1001|0|3|-1|0|1|R99|0||0|||moyu,5,0,0|moyu2,3,0,0|机器人1,2,0,0|机器人2,7,0,0|MYHAND|B11,Y88,R44
[推送] 无会话，无法推送给 机器人1 | UNO_STATE:1001|0|3|-1|0|1|R99|0||0|||moyu,5,0,0|moyu2,3,0,0|机器人1,2,0,0|机器人2,7,0,0|MYHAND|R77,Y55
[推送] 无会话，无法推送给 机器人2 | UNO_STATE:1001|0|3|-1|0|1|R99|0||0|||moyu,5,0,0|moyu2,3,0,0|机器人1,2,0,0|机器人2,7,0,0|MYHAND|Yd,Gd,R00,B99,Y77,Bd,Gd
[推送] -> moyu | 系统 | UNO_STATE:1001|0|2|-1|0|1|R00|0||0|||moyu,5,0,0|moyu2,3,0,0|机器人1,2,0,0|机器人2,6,0,0|MYHAND|G66,B77,B88,B88,Y77
[推送] -> moyu2 | 系统 | UNO_STATE:1001|0|2|-1|0|1|R00|0||0|||moyu,5,0,0|moyu2,3,0,0|机器人1,2,0,0|机器人2,6,0,0|MYHAND|B11,Y88,R44
[推送] 无会话，无法推送给 机器人1 | UNO_STATE:1001|0|2|-1|0|1|R00|0||0|||moyu,5,0,0|moyu2,3,0,0|机器人1,2,0,0|机器人2,6,0,0|MYHAND|R77,Y55
[推送] 无会话，无法推送给 机器人2 | UNO_STATE:1001|0|2|-1|0|1|R00|0||0|||moyu,5,0,0|moyu2,3,0,0|机器人1,2,0,0|机器人2,6,0,0|MYHAND|Yd,Gd,B99,Y77,Bd,Gd
[推送] -> moyu | 系统 | UNO_STATE:1001|0|1|-1|0|1|R77|0||0|||moyu,5,0,0|moyu2,3,0,0|机器人1,1,0,1|机器人2,6,0,0|MYHAND|G66,B77,B88,B88,Y77
[推送] -> moyu2 | 系统 | UNO_STATE:1001|0|1|-1|0|1|R77|0||0|||moyu,5,0,0|moyu2,3,0,0|机器人1,1,0,1|机器人2,6,0,0|MYHAND|B11,Y88,R44
[推送] 无会话，无法推送给 机器人1 | UNO_STATE:1001|0|1|-1|0|1|R77|0||0|||moyu,5,0,0|moyu2,3,0,0|机器人1,1,0,1|机器人2,6,0,0|MYHAND|Y55
[推送] 无会话，无法推送给 机器人2 | UNO_STATE:1001|0|1|-1|0|1|R77|0||0|||moyu,5,0,0|moyu2,3,0,0|机器人1,1,0,1|机器人2,6,0,0|MYHAND|Yd,Gd,B99,Y77,Bd,Gd
[推送] -> moyu | 系统 | UNO_STATE:1001|0|1|-1|0|1|R77|0||0|||moyu,5,0,0|moyu2,3,0,0|机器人1,3,1,0|机器人2,6,0,0|MYHAND|G66,B77,B88,B88,Y77
[推送] -> moyu2 | 系统 | UNO_STATE:1001|0|1|-1|0|1|R77|0||0|||moyu,5,0,0|moyu2,3,0,0|机器人1,3,1,0|机器人2,6,0,0|MYHAND|B11,Y88,R44
[推送] 无会话，无法推送给 机器人1 | UNO_STATE:1001|0|1|-1|0|1|R77|0||0|||moyu,5,0,0|moyu2,3,0,0|机器人1,3,1,0|机器人2,6,0,0|MYHAND|Y55,Y55,Yd
[推送] 无会话，无法推送给 机器人2 | UNO_STATE:1001|0|1|-1|0|1|R77|0||0|||moyu,5,0,0|moyu2,3,0,0|机器人1,3,1,0|机器人2,6,0,0|MYHAND|Yd,Gd,B99,Y77,Bd,Gd
[推送] -> moyu | 系统 | UNO_STATE:1001|0|0|-1|0|1|R44|0||0|||moyu,5,0,0|moyu2,2,0,0|机器人1,3,1,0|机器人2,6,0,0|MYHAND|G66,B77,B88,B88,Y77
[推送] -> moyu2 | 系统 | UNO_STATE:1001|0|0|-1|0|1|R44|0||0|||moyu,5,0,0|moyu2,2,0,0|机器人1,3,1,0|机器人2,6,0,0|MYHAND|B11,Y88
[推送] 无会话，无法推送给 机器人1 | UNO_STATE:1001|0|0|-1|0|1|R44|0||0|||moyu,5,0,0|moyu2,2,0,0|机器人1,3,1,0|机器人2,6,0,0|MYHAND|Y55,Y55,Yd
[推送] 无会话，无法推送给 机器人2 | UNO_STATE:1001|0|0|-1|0|1|R44|0||0|||moyu,5,0,0|moyu2,2,0,0|机器人1,3,1,0|机器人2,6,0,0|MYHAND|Yd,Gd,B99,Y77,Bd,Gd
[推送] -> moyu | 系统 | UNO_STATE:1001|0|0|-1|0|1|R44|0||0||moyu,5|moyu,6,0,0|moyu2,2,0,0|机器人1,3,1,0|机器人2,6,0,0|MYHAND|G66,B77,B88,B88,Y77,R11
[推送] -> moyu2 | 系统 | UNO_STATE:1001|0|0|-1|0|1|R44|0||0||moyu,5|moyu,6,0,0|moyu2,2,0,0|机器人1,3,1,0|机器人2,6,0,0|MYHAND|B11,Y88
[推送] 无会话，无法推送给 机器人1 | UNO_STATE:1001|0|0|-1|0|1|R44|0||0||moyu,5|moyu,6,0,0|moyu2,2,0,0|机器人1,3,1,0|机器人2,6,0,0|MYHAND|Y55,Y55,Yd
[推送] 无会话，无法推送给 机器人2 | UNO_STATE:1001|0|0|-1|0|1|R44|0||0||moyu,5|moyu,6,0,0|moyu2,2,0,0|机器人1,3,1,0|机器人2,6,0,0|MYHAND|Yd,Gd,B99,Y77,Bd,Gd
[推送] -> moyu | 系统 | UNO_STATE:1001|0|3|-1|0|1|R11|0||0|||moyu,5,0,0|moyu2,2,0,0|机器人1,3,1,0|机器人2,6,0,0|MYHAND|G66,B77,B88,B88,Y77
[推送] -> moyu2 | 系统 | UNO_STATE:1001|0|3|-1|0|1|R11|0||0|||moyu,5,0,0|moyu2,2,0,0|机器人1,3,1,0|机器人2,6,0,0|MYHAND|B11,Y88
[推送] 无会话，无法推送给 机器人1 | UNO_STATE:1001|0|3|-1|0|1|R11|0||0|||moyu,5,0,0|moyu2,2,0,0|机器人1,3,1,0|机器人2,6,0,0|MYHAND|Y55,Y55,Yd
[推送] 无会话，无法推送给 机器人2 | UNO_STATE:1001|0|3|-1|0|1|R11|0||0|||moyu,5,0,0|moyu2,2,0,0|机器人1,3,1,0|机器人2,6,0,0|MYHAND|Yd,Gd,B99,Y77,Bd,Gd
[推送] -> moyu | 系统 | UNO_STATE:1001|0|2|-1|0|1|R33|0||0|||moyu,5,0,0|moyu2,2,0,0|机器人1,3,1,0|机器人2,6,0,0|MYHAND|G66,B77,B88,B88,Y77
[推送] -> moyu2 | 系统 | UNO_STATE:1001|0|2|-1|0|1|R33|0||0|||moyu,5,0,0|moyu2,2,0,0|机器人1,3,1,0|机器人2,6,0,0|MYHAND|B11,Y88
[推送] 无会话，无法推送给 机器人1 | UNO_STATE:1001|0|2|-1|0|1|R33|0||0|||moyu,5,0,0|moyu2,2,0,0|机器人1,3,1,0|机器人2,6,0,0|MYHAND|Y55,Y55,Yd
[推送] 无会话，无法推送给 机器人2 | UNO_STATE:1001|0|2|-1|0|1|R33|0||0|||moyu,5,0,0|moyu2,2,0,0|机器人1,3,1,0|机器人2,6,0,0|MYHAND|Yd,Gd,B99,Y77,Bd,Gd
连接异常: Read timed out
[推送] -> moyu | 系统 | UNO_STATE:1001|1|1|-1|0|1|Kw|0||0|||moyu,5,0,0|moyu2,2,0,0|机器人1,3,0,0|机器人2,6,0,0|MYHAND|G66,B77,B88,B88,Y77
[推送] -> moyu2 | 系统 | UNO_STATE:1001|1|1|-1|0|1|Kw|0||0|||moyu,5,0,0|moyu2,2,0,0|机器人1,3,0,0|机器人2,6,0,0|MYHAND|B11,Y88
[推送] 无会话，无法推送给 机器人1 | UNO_STATE:1001|1|1|-1|0|1|Kw|0||0|||moyu,5,0,0|moyu2,2,0,0|机器人1,3,0,0|机器人2,6,0,0|MYHAND|Y55,Y55,Yd
[推送] 无会话，无法推送给 机器人2 | UNO_STATE:1001|1|1|-1|0|1|Kw|0||0|||moyu,5,0,0|moyu2,2,0,0|机器人1,3,0,0|机器人2,6,0,0|MYHAND|Yd,Gd,B99,Y77,Bd,Gd
[连接] #4 从 /127.0.0.1
推送注册: moyu
[推送] -> moyu | 系统 | UNO_STATE:1001|1|0|-1|0|1|Y88|0||0|||moyu,5,0,0|moyu2,1,0,1|机器人1,3,0,0|机器人2,6,0,0|MYHAND|G66,B77,B88,B88,Y77
[推送] -> moyu2 | 系统 | UNO_STATE:1001|1|0|-1|0|1|Y88|0||0|||moyu,5,0,0|moyu2,1,0,1|机器人1,3,0,0|机器人2,6,0,0|MYHAND|B11
[推送] 无会话，无法推送给 机器人1 | UNO_STATE:1001|1|0|-1|0|1|Y88|0||0|||moyu,5,0,0|moyu2,1,0,1|机器人1,3,0,0|机器人2,6,0,0|MYHAND|Y55,Y55,Yd
[推送] 无会话，无法推送给 机器人2 | UNO_STATE:1001|1|0|-1|0|1|Y88|0||0|||moyu,5,0,0|moyu2,1,0,1|机器人1,3,0,0|机器人2,6,0,0|MYHAND|Yd,Gd,B99,Y77,Bd,Gd
连接异常: Read timed out
[连接] #4 从 /127.0.0.1
推送注册: moyu2
连接异常: Read timed out
[连接] #4 从 /127.0.0.1
推送注册: moyu
连接异常: Read timed out
[连接] #4 从 /127.0.0.1
推送注册: moyu2
连接异常: Read timed out
[连接] #4 从 /127.0.0.1
推送注册: moyu
连接异常: Read timed out
[连接] #4 从 /127.0.0.1
推送注册: moyu
连接异常: Read timed out
[连接] #4 从 /127.0.0.1
推送注册: moyu2
连接异常: Read timed out
[连接] #4 从 /127.0.0.1
推送注册: moyu
连接异常: Read timed out
[连接] #4 从 /127.0.0.1
推送注册: moyu2
连接异常: Read timed out
[连接] #4 从 /127.0.0.1
推送注册: moyu
连接异常: Read timed out
[连接] #4 从 /127.0.0.1
推送注册: moyu2
连接异常: Read timed out
[连接] #4 从 /127.0.0.1
推送注册: moyu
连接异常: Read timed out
[连接] #4 从 /127.0.0.1
推送注册: moyu2
连接异常: Read timed out
[连接] #4 从 /127.0.0.1
推送注册: moyu
连接异常: Read timed out
[连接] #4 从 /127.0.0.1
推送注册: moyu2
连接异常: Read timed out
[连接] #4 从 /127.0.0.1
推送注册: moyu
连接异常: Read timed out
[连接] #4 从 /127.0.0.1
推送注册: moyu2
连接异常: Read timed out
[连接] #4 从 /127.0.0.1
推送注册: moyu
连接异常: Read timed out
[连接] #4 从 /127.0.0.1
推送注册: moyu2
连接异常: Read timed out
[连接] #4 从 /127.0.0.1
推送注册: moyu
连接异常: Read timed out
[连接] #4 从 /127.0.0.1
推送注册: moyu2
连接异常: Read timed out
[连接] #4 从 /127.0.0.1
推送注册: moyu
连接异常: Read timed out
[连接] #4 从 /127.0.0.1
推送注册: moyu
连接异常: Read timed out
[连接] #4 从 /127.0.0.1
推送注册: moyu2
连接异常: Read timed out
[连接] #4 从 /127.0.0.1
推送注册: moyu
连接异常: Read timed out
[连接] #4 从 /127.0.0.1
推送注册: moyu2
连接异常: Read timed out
[连接] #4 从 /127.0.0.1
推送注册: moyu
[推送] -> moyu | 系统 | UNO_STATE:1001|3|3|-1|0|1|B88|0||0|||moyu,4,0,0|moyu2,1,0,1|机器人1,3,0,0|机器人2,6,0,0|MYHAND|G66,B77,B88,Y77
[推送] -> moyu2 | 系统 | UNO_STATE:1001|3|3|-1|0|1|B88|0||0|||moyu,4,0,0|moyu2,1,0,1|机器人1,3,0,0|机器人2,6,0,0|MYHAND|B11
[推送] 无会话，无法推送给 机器人1 | UNO_STATE:1001|3|3|-1|0|1|B88|0||0|||moyu,4,0,0|moyu2,1,0,1|机器人1,3,0,0|机器人2,6,0,0|MYHAND|Y55,Y55,Yd
[推送] 无会话，无法推送给 机器人2 | UNO_STATE:1001|3|3|-1|0|1|B88|0||0|||moyu,4,0,0|moyu2,1,0,1|机器人1,3,0,0|机器人2,6,0,0|MYHAND|Yd,Gd,B99,Y77,Bd,Gd
[推送] -> moyu | 系统 | UNO_STATE:1001|3|2|-1|0|1|B99|0||0|||moyu,4,0,0|moyu2,1,0,1|机器人1,3,0,0|机器人2,5,0,0|MYHAND|G66,B77,B88,Y77
[推送] -> moyu2 | 系统 | UNO_STATE:1001|3|2|-1|0|1|B99|0||0|||moyu,4,0,0|moyu2,1,0,1|机器人1,3,0,0|机器人2,5,0,0|MYHAND|B11
[推送] 无会话，无法推送给 机器人1 | UNO_STATE:1001|3|2|-1|0|1|B99|0||0|||moyu,4,0,0|moyu2,1,0,1|机器人1,3,0,0|机器人2,5,0,0|MYHAND|Y55,Y55,Yd
[推送] 无会话，无法推送给 机器人2 | UNO_STATE:1001|3|2|-1|0|1|B99|0||0|||moyu,4,0,0|moyu2,1,0,1|机器人1,3,0,0|机器人2,5,0,0|MYHAND|Yd,Gd,Y77,Bd,Gd
[推送] -> moyu | 系统 | UNO_STATE:1001|2|1|-1|0|1|G99|0||0|||moyu,4,0,0|moyu2,1,0,0|机器人1,3,0,0|机器人2,5,0,0|MYHAND|G66,B77,B88,Y77
[推送] -> moyu2 | 系统 | UNO_STATE:1001|2|1|-1|0|1|G99|0||0|||moyu,4,0,0|moyu2,1,0,0|机器人1,3,0,0|机器人2,5,0,0|MYHAND|B11
[推送] 无会话，无法推送给 机器人1 | UNO_STATE:1001|2|1|-1|0|1|G99|0||0|||moyu,4,0,0|moyu2,1,0,0|机器人1,3,0,0|机器人2,5,0,0|MYHAND|Y55,Y55,Yd
[推送] 无会话，无法推送给 机器人2 | UNO_STATE:1001|2|1|-1|0|1|G99|0||0|||moyu,4,0,0|moyu2,1,0,0|机器人1,3,0,0|机器人2,5,0,0|MYHAND|Yd,Gd,Y77,Bd,Gd
[推送] -> moyu | 系统 | UNO_STATE:1001|2|0|-1|0|1|G99|0||0|||moyu,4,0,0|moyu2,2,0,0|机器人1,3,0,0|机器人2,5,0,0|MYHAND|G66,B77,B88,Y77
[推送] -> moyu2 | 系统 | UNO_STATE:1001|2|0|-1|0|1|G99|0||0|||moyu,4,0,0|moyu2,2,0,0|机器人1,3,0,0|机器人2,5,0,0|MYHAND|B11,R11
[推送] 无会话，无法推送给 机器人1 | UNO_STATE:1001|2|0|-1|0|1|G99|0||0|||moyu,4,0,0|moyu2,2,0,0|机器人1,3,0,0|机器人2,5,0,0|MYHAND|Y55,Y55,Yd
[推送] 无会话，无法推送给 机器人2 | UNO_STATE:1001|2|0|-1|0|1|G99|0||0|||moyu,4,0,0|moyu2,2,0,0|机器人1,3,0,0|机器人2,5,0,0|MYHAND|Yd,Gd,Y77,Bd,Gd
连接异常: Read timed out
[连接] #4 从 /127.0.0.1
推送注册: moyu2
[推送] -> moyu | 系统 | UNO_STATE:1001|2|3|-1|0|1|G66|0||0|||moyu,3,0,0|moyu2,2,0,0|机器人1,3,0,0|机器人2,5,0,0|MYHAND|B77,B88,Y77
[推送] -> moyu2 | 系统 | UNO_STATE:1001|2|3|-1|0|1|G66|0||0|||moyu,3,0,0|moyu2,2,0,0|机器人1,3,0,0|机器人2,5,0,0|MYHAND|B11,R11
[推送] 无会话，无法推送给 机器人1 | UNO_STATE:1001|2|3|-1|0|1|G66|0||0|||moyu,3,0,0|moyu2,2,0,0|机器人1,3,0,0|机器人2,5,0,0|MYHAND|Y55,Y55,Yd
[推送] 无会话，无法推送给 机器人2 | UNO_STATE:1001|2|3|-1|0|1|G66|0||0|||moyu,3,0,0|moyu2,2,0,0|机器人1,3,0,0|机器人2,5,0,0|MYHAND|Yd,Gd,Y77,Bd,Gd
[推送] -> moyu | 系统 | UNO_STATE:1001|2|2|-1|2|1|Gd|0||0|||moyu,3,0,0|moyu2,2,0,0|机器人1,3,0,0|机器人2,4,0,0|MYHAND|B77,B88,Y77
[推送] -> moyu2 | 系统 | UNO_STATE:1001|2|2|-1|2|1|Gd|0||0|||moyu,3,0,0|moyu2,2,0,0|机器人1,3,0,0|机器人2,4,0,0|MYHAND|B11,R11
[推送] 无会话，无法推送给 机器人1 | UNO_STATE:1001|2|2|-1|2|1|Gd|0||0|||moyu,3,0,0|moyu2,2,0,0|机器人1,3,0,0|机器人2,4,0,0|MYHAND|Y55,Y55,Yd
[推送] 无会话，无法推送给 机器人2 | UNO_STATE:1001|2|2|-1|2|1|Gd|0||0|||moyu,3,0,0|moyu2,2,0,0|机器人1,3,0,0|机器人2,4,0,0|MYHAND|Yd,Y77,Bd,Gd
[推送] -> moyu | 系统 | UNO_STATE:1001|1|1|-1|4|1|Yd|0||0|||moyu,3,0,0|moyu2,2,0,0|机器人1,2,0,0|机器人2,4,0,0|MYHAND|B77,B88,Y77
[推送] -> moyu2 | 系统 | UNO_STATE:1001|1|1|-1|4|1|Yd|0||0|||moyu,3,0,0|moyu2,2,0,0|机器人1,2,0,0|机器人2,4,0,0|MYHAND|B11,R11
[推送] 无会话，无法推送给 机器人1 | UNO_STATE:1001|1|1|-1|4|1|Yd|0||0|||moyu,3,0,0|moyu2,2,0,0|机器人1,2,0,0|机器人2,4,0,0|MYHAND|Y55,Y55
[推送] 无会话，无法推送给 机器人2 | UNO_STATE:1001|1|1|-1|4|1|Yd|0||0|||moyu,3,0,0|moyu2,2,0,0|机器人1,2,0,0|机器人2,4,0,0|MYHAND|Yd,Y77,Bd,Gd
[推送] -> moyu | 系统 | UNO_STATE:1001|1|0|-1|0|1|Yd|0||0|||moyu,3,0,0|moyu2,6,0,0|机器人1,2,0,0|机器人2,4,0,0|MYHAND|B77,B88,Y77
[推送] -> moyu2 | 系统 | UNO_STATE:1001|1|0|-1|0|1|Yd|0||0|||moyu,3,0,0|moyu2,6,0,0|机器人1,2,0,0|机器人2,4,0,0|MYHAND|B11,R11,Rd,Y99,B11,B55
[推送] 无会话，无法推送给 机器人1 | UNO_STATE:1001|1|0|-1|0|1|Yd|0||0|||moyu,3,0,0|moyu2,6,0,0|机器人1,2,0,0|机器人2,4,0,0|MYHAND|Y55,Y55
[推送] 无会话，无法推送给 机器人2 | UNO_STATE:1001|1|0|-1|0|1|Yd|0||0|||moyu,3,0,0|moyu2,6,0,0|机器人1,2,0,0|机器人2,4,0,0|MYHAND|Yd,Y77,Bd,Gd
连接异常: Read timed out
[连接] #4 从 /127.0.0.1
推送注册: moyu
[推送] -> moyu | 系统 | UNO_STATE:1001|1|3|-1|0|1|Y77|0||0|||moyu,2,0,0|moyu2,6,0,0|机器人1,2,0,0|机器人2,4,0,0|MYHAND|B77,B88
[推送] -> moyu2 | 系统 | UNO_STATE:1001|1|3|-1|0|1|Y77|0||0|||moyu,2,0,0|moyu2,6,0,0|机器人1,2,0,0|机器人2,4,0,0|MYHAND|B11,R11,Rd,Y99,B11,B55
[推送] 无会话，无法推送给 机器人1 | UNO_STATE:1001|1|3|-1|0|1|Y77|0||0|||moyu,2,0,0|moyu2,6,0,0|机器人1,2,0,0|机器人2,4,0,0|MYHAND|Y55,Y55
[推送] 无会话，无法推送给 机器人2 | UNO_STATE:1001|1|3|-1|0|1|Y77|0||0|||moyu,2,0,0|moyu2,6,0,0|机器人1,2,0,0|机器人2,4,0,0|MYHAND|Yd,Y77,Bd,Gd
[推送] -> moyu | 系统 | UNO_STATE:1001|1|2|-1|2|1|Yd|0||0|||moyu,2,0,0|moyu2,6,0,0|机器人1,2,0,0|机器人2,3,0,0|MYHAND|B77,B88
[推送] -> moyu2 | 系统 | UNO_STATE:1001|1|2|-1|2|1|Yd|0||0|||moyu,2,0,0|moyu2,6,0,0|机器人1,2,0,0|机器人2,3,0,0|MYHAND|B11,R11,Rd,Y99,B11,B55
[推送] 无会话，无法推送给 机器人1 | UNO_STATE:1001|1|2|-1|2|1|Yd|0||0|||moyu,2,0,0|moyu2,6,0,0|机器人1,2,0,0|机器人2,3,0,0|MYHAND|Y55,Y55
[推送] 无会话，无法推送给 机器人2 | UNO_STATE:1001|1|2|-1|2|1|Yd|0||0|||moyu,2,0,0|moyu2,6,0,0|机器人1,2,0,0|机器人2,3,0,0|MYHAND|Y77,Bd,Gd
[推送] -> moyu | 系统 | UNO_STATE:1001|1|1|-1|0|1|Yd|0||0|||moyu,2,0,0|moyu2,6,0,0|机器人1,4,0,0|机器人2,3,0,0|MYHAND|B77,B88
[推送] -> moyu2 | 系统 | UNO_STATE:1001|1|1|-1|0|1|Yd|0||0|||moyu,2,0,0|moyu2,6,0,0|机器人1,4,0,0|机器人2,3,0,0|MYHAND|B11,R11,Rd,Y99,B11,B55
[推送] 无会话，无法推送给 机器人1 | UNO_STATE:1001|1|1|-1|0|1|Yd|0||0|||moyu,2,0,0|moyu2,6,0,0|机器人1,4,0,0|机器人2,3,0,0|MYHAND|Y55,Y55,Gr,Bs
[推送] 无会话，无法推送给 机器人2 | UNO_STATE:1001|1|1|-1|0|1|Yd|0||0|||moyu,2,0,0|moyu2,6,0,0|机器人1,4,0,0|机器人2,3,0,0|MYHAND|Y77,Bd,Gd
[推送] -> moyu | 系统 | UNO_STATE:1001|0|0|-1|2|1|Rd|0||0|||moyu,2,0,0|moyu2,5,0,0|机器人1,4,0,0|机器人2,3,0,0|MYHAND|B77,B88
[推送] -> moyu2 | 系统 | UNO_STATE:1001|0|0|-1|2|1|Rd|0||0|||moyu,2,0,0|moyu2,5,0,0|机器人1,4,0,0|机器人2,3,0,0|MYHAND|B11,R11,Y99,B11,B55
[推送] 无会话，无法推送给 机器人1 | UNO_STATE:1001|0|0|-1|2|1|Rd|0||0|||moyu,2,0,0|moyu2,5,0,0|机器人1,4,0,0|机器人2,3,0,0|MYHAND|Y55,Y55,Gr,Bs
[推送] 无会话，无法推送给 机器人2 | UNO_STATE:1001|0|0|-1|2|1|Rd|0||0|||moyu,2,0,0|moyu2,5,0,0|机器人1,4,0,0|机器人2,3,0,0|MYHAND|Y77,Bd,Gd
[推送] -> moyu | 系统 | UNO_STATE:1001|0|3|-1|0|1|Rd|0||0|||moyu,4,0,0|moyu2,5,0,0|机器人1,4,0,0|机器人2,3,0,0|MYHAND|B77,B88,G44,Y11
[推送] -> moyu2 | 系统 | UNO_STATE:1001|0|3|-1|0|1|Rd|0||0|||moyu,4,0,0|moyu2,5,0,0|机器人1,4,0,0|机器人2,3,0,0|MYHAND|B11,R11,Y99,B11,B55
[推送] 无会话，无法推送给 机器人1 | UNO_STATE:1001|0|3|-1|0|1|Rd|0||0|||moyu,4,0,0|moyu2,5,0,0|机器人1,4,0,0|机器人2,3,0,0|MYHAND|Y55,Y55,Gr,Bs
[推送] 无会话，无法推送给 机器人2 | UNO_STATE:1001|0|3|-1|0|1|Rd|0||0|||moyu,4,0,0|moyu2,5,0,0|机器人1,4,0,0|机器人2,3,0,0|MYHAND|Y77,Bd,Gd
[推送] -> moyu | 系统 | UNO_STATE:1001|3|2|-1|2|1|Bd|0||0|||moyu,4,0,0|moyu2,5,0,0|机器人1,4,0,0|机器人2,2,0,0|MYHAND|B77,B88,G44,Y11
[推送] -> moyu2 | 系统 | UNO_STATE:1001|3|2|-1|2|1|Bd|0||0|||moyu,4,0,0|moyu2,5,0,0|机器人1,4,0,0|机器人2,2,0,0|MYHAND|B11,R11,Y99,B11,B55
[推送] 无会话，无法推送给 机器人1 | UNO_STATE:1001|3|2|-1|2|1|Bd|0||0|||moyu,4,0,0|moyu2,5,0,0|机器人1,4,0,0|机器人2,2,0,0|MYHAND|Y55,Y55,Gr,Bs
[推送] 无会话，无法推送给 机器人2 | UNO_STATE:1001|3|2|-1|2|1|Bd|0||0|||moyu,4,0,0|moyu2,5,0,0|机器人1,4,0,0|机器人2,2,0,0|MYHAND|Y77,Gd
[推送] -> moyu | 系统 | UNO_STATE:1001|3|1|-1|0|1|Bd|0||0|||moyu,4,0,0|moyu2,5,0,0|机器人1,6,0,0|机器人2,2,0,0|MYHAND|B77,B88,G44,Y11
[推送] -> moyu2 | 系统 | UNO_STATE:1001|3|1|-1|0|1|Bd|0||0|||moyu,4,0,0|moyu2,5,0,0|机器人1,6,0,0|机器人2,2,0,0|MYHAND|B11,R11,Y99,B11,B55
[推送] 无会话，无法推送给 机器人1 | UNO_STATE:1001|3|1|-1|0|1|Bd|0||0|||moyu,4,0,0|moyu2,5,0,0|机器人1,6,0,0|机器人2,2,0,0|MYHAND|Y55,Y55,Gr,Bs,Br,Bd
[推送] 无会话，无法推送给 机器人2 | UNO_STATE:1001|3|1|-1|0|1|Bd|0||0|||moyu,4,0,0|moyu2,5,0,0|机器人1,6,0,0|机器人2,2,0,0|MYHAND|Y77,Gd
[推送] -> moyu | 系统 | UNO_STATE:1001|3|0|-1|0|1|B11|0||0|||moyu,4,0,0|moyu2,4,0,0|机器人1,6,0,0|机器人2,2,0,0|MYHAND|B77,B88,G44,Y11
[推送] -> moyu2 | 系统 | UNO_STATE:1001|3|0|-1|0|1|B11|0||0|||moyu,4,0,0|moyu2,4,0,0|机器人1,6,0,0|机器人2,2,0,0|MYHAND|R11,Y99,B11,B55
[推送] 无会话，无法推送给 机器人1 | UNO_STATE:1001|3|0|-1|0|1|B11|0||0|||moyu,4,0,0|moyu2,4,0,0|机器人1,6,0,0|机器人2,2,0,0|MYHAND|Y55,Y55,Gr,Bs,Br,Bd
[推送] 无会话，无法推送给 机器人2 | UNO_STATE:1001|3|0|-1|0|1|B11|0||0|||moyu,4,0,0|moyu2,4,0,0|机器人1,6,0,0|机器人2,2,0,0|MYHAND|Y77,Gd
[推送] -> moyu | 系统 | UNO_STATE:1001|3|3|-1|0|1|B88|0||0|||moyu,3,0,0|moyu2,4,0,0|机器人1,6,0,0|机器人2,2,0,0|MYHAND|B77,G44,Y11
[推送] -> moyu2 | 系统 | UNO_STATE:1001|3|3|-1|0|1|B88|0||0|||moyu,3,0,0|moyu2,4,0,0|机器人1,6,0,0|机器人2,2,0,0|MYHAND|R11,Y99,B11,B55
[推送] 无会话，无法推送给 机器人1 | UNO_STATE:1001|3|3|-1|0|1|B88|0||0|||moyu,3,0,0|moyu2,4,0,0|机器人1,6,0,0|机器人2,2,0,0|MYHAND|Y55,Y55,Gr,Bs,Br,Bd
[推送] 无会话，无法推送给 机器人2 | UNO_STATE:1001|3|3|-1|0|1|B88|0||0|||moyu,3,0,0|moyu2,4,0,0|机器人1,6,0,0|机器人2,2,0,0|MYHAND|Y77,Gd
[推送] -> moyu | 系统 | UNO_STATE:1001|3|2|-1|0|1|B88|0||0|||moyu,3,0,0|moyu2,4,0,0|机器人1,6,0,0|机器人2,3,0,0|MYHAND|B77,G44,Y11
[推送] -> moyu2 | 系统 | UNO_STATE:1001|3|2|-1|0|1|B88|0||0|||moyu,3,0,0|moyu2,4,0,0|机器人1,6,0,0|机器人2,3,0,0|MYHAND|R11,Y99,B11,B55
[推送] 无会话，无法推送给 机器人1 | UNO_STATE:1001|3|2|-1|0|1|B88|0||0|||moyu,3,0,0|moyu2,4,0,0|机器人1,6,0,0|机器人2,3,0,0|MYHAND|Y55,Y55,Gr,Bs,Br,Bd
[推送] 无会话，无法推送给 机器人2 | UNO_STATE:1001|3|2|-1|0|1|B88|0||0|||moyu,3,0,0|moyu2,4,0,0|机器人1,6,0,0|机器人2,3,0,0|MYHAND|Y77,Gd,Gs
[推送] -> moyu | 系统 | UNO_STATE:1001|3|0|-1|0|1|Bs|0||0|||moyu,3,0,0|moyu2,4,0,0|机器人1,5,0,0|机器人2,3,0,0|MYHAND|B77,G44,Y11
[推送] -> moyu2 | 系统 | UNO_STATE:1001|3|0|-1|0|1|Bs|0||0|||moyu,3,0,0|moyu2,4,0,0|机器人1,5,0,0|机器人2,3,0,0|MYHAND|R11,Y99,B11,B55
[推送] 无会话，无法推送给 机器人1 | UNO_STATE:1001|3|0|-1|0|1|Bs|0||0|||moyu,3,0,0|moyu2,4,0,0|机器人1,5,0,0|机器人2,3,0,0|MYHAND|Y55,Y55,Gr,Br,Bd
[推送] 无会话，无法推送给 机器人2 | UNO_STATE:1001|3|0|-1|0|1|Bs|0||0|||moyu,3,0,0|moyu2,4,0,0|机器人1,5,0,0|机器人2,3,0,0|MYHAND|Y77,Gd,Gs
连接异常: Read timed out
[连接] #4 从 /127.0.0.1
推送注册: moyu2
[推送] -> moyu | 系统 | UNO_STATE:1001|3|3|-1|0|1|B77|0||0|||moyu,2,0,0|moyu2,4,0,0|机器人1,5,0,0|机器人2,3,0,0|MYHAND|G44,Y11
[推送] -> moyu2 | 系统 | UNO_STATE:1001|3|3|-1|0|1|B77|0||0|||moyu,2,0,0|moyu2,4,0,0|机器人1,5,0,0|机器人2,3,0,0|MYHAND|R11,Y99,B11,B55
[推送] 无会话，无法推送给 机器人1 | UNO_STATE:1001|3|3|-1|0|1|B77|0||0|||moyu,2,0,0|moyu2,4,0,0|机器人1,5,0,0|机器人2,3,0,0|MYHAND|Y55,Y55,Gr,Br,Bd
[推送] 无会话，无法推送给 机器人2 | UNO_STATE:1001|3|3|-1|0|1|B77|0||0|||moyu,2,0,0|moyu2,4,0,0|机器人1,5,0,0|机器人2,3,0,0|MYHAND|Y77,Gd,Gs
[推送] -> moyu | 系统 | UNO_STATE:1001|1|2|-1|0|1|Y77|0||0|||moyu,2,0,0|moyu2,4,0,0|机器人1,5,0,0|机器人2,2,0,0|MYHAND|G44,Y11
[推送] -> moyu2 | 系统 | UNO_STATE:1001|1|2|-1|0|1|Y77|0||0|||moyu,2,0,0|moyu2,4,0,0|机器人1,5,0,0|机器人2,2,0,0|MYHAND|R11,Y99,B11,B55
[推送] 无会话，无法推送给 机器人1 | UNO_STATE:1001|1|2|-1|0|1|Y77|0||0|||moyu,2,0,0|moyu2,4,0,0|机器人1,5,0,0|机器人2,2,0,0|MYHAND|Y55,Y55,Gr,Br,Bd
[推送] 无会话，无法推送给 机器人2 | UNO_STATE:1001|1|2|-1|0|1|Y77|0||0|||moyu,2,0,0|moyu2,4,0,0|机器人1,5,0,0|机器人2,2,0,0|MYHAND|Gd,Gs
[推送] -> moyu | 系统 | UNO_STATE:1001|1|1|-1|0|1|Y55|0||0|||moyu,2,0,0|moyu2,4,0,0|机器人1,4,0,0|机器人2,2,0,0|MYHAND|G44,Y11
[推送] -> moyu2 | 系统 | UNO_STATE:1001|1|1|-1|0|1|Y55|0||0|||moyu,2,0,0|moyu2,4,0,0|机器人1,4,0,0|机器人2,2,0,0|MYHAND|R11,Y99,B11,B55
[推送] 无会话，无法推送给 机器人1 | UNO_STATE:1001|1|1|-1|0|1|Y55|0||0|||moyu,2,0,0|moyu2,4,0,0|机器人1,4,0,0|机器人2,2,0,0|MYHAND|Y55,Gr,Br,Bd
[推送] 无会话，无法推送给 机器人2 | UNO_STATE:1001|1|1|-1|0|1|Y55|0||0|||moyu,2,0,0|moyu2,4,0,0|机器人1,4,0,0|机器人2,2,0,0|MYHAND|Gd,Gs
[推送] -> moyu | 系统 | UNO_STATE:1001|1|0|-1|0|1|Y99|0||0|||moyu,2,0,0|moyu2,3,0,0|机器人1,4,0,0|机器人2,2,0,0|MYHAND|G44,Y11
[推送] -> moyu2 | 系统 | UNO_STATE:1001|1|0|-1|0|1|Y99|0||0|||moyu,2,0,0|moyu2,3,0,0|机器人1,4,0,0|机器人2,2,0,0|MYHAND|R11,B11,B55
[推送] 无会话，无法推送给 机器人1 | UNO_STATE:1001|1|0|-1|0|1|Y99|0||0|||moyu,2,0,0|moyu2,3,0,0|机器人1,4,0,0|机器人2,2,0,0|MYHAND|Y55,Gr,Br,Bd
[推送] 无会话，无法推送给 机器人2 | UNO_STATE:1001|1|0|-1|0|1|Y99|0||0|||moyu,2,0,0|moyu2,3,0,0|机器人1,4,0,0|机器人2,2,0,0|MYHAND|Gd,Gs
[推送] -> moyu | 系统 | UNO_STATE:1001|1|3|-1|0|1|Y11|0||0|||moyu,1,0,1|moyu2,3,0,0|机器人1,4,0,0|机器人2,2,0,0|MYHAND|G44
[推送] -> moyu2 | 系统 | UNO_STATE:1001|1|3|-1|0|1|Y11|0||0|||moyu,1,0,1|moyu2,3,0,0|机器人1,4,0,0|机器人2,2,0,0|MYHAND|R11,B11,B55
[推送] 无会话，无法推送给 机器人1 | UNO_STATE:1001|1|3|-1|0|1|Y11|0||0|||moyu,1,0,1|moyu2,3,0,0|机器人1,4,0,0|机器人2,2,0,0|MYHAND|Y55,Gr,Br,Bd
[推送] 无会话，无法推送给 机器人2 | UNO_STATE:1001|1|3|-1|0|1|Y11|0||0|||moyu,1,0,1|moyu2,3,0,0|机器人1,4,0,0|机器人2,2,0,0|MYHAND|Gd,Gs
连接异常: Read timed out
[连接] #4 从 /127.0.0.1
推送注册: moyu
[推送] -> moyu | 系统 | UNO_STATE:1001|1|3|-1|0|1|Y11|0||0|||moyu,3,1,0|moyu2,3,0,0|机器人1,4,0,0|机器人2,2,0,0|MYHAND|G44,R88,G22
[推送] -> moyu2 | 系统 | UNO_STATE:1001|1|3|-1|0|1|Y11|0||0|||moyu,3,1,0|moyu2,3,0,0|机器人1,4,0,0|机器人2,2,0,0|MYHAND|R11,B11,B55
[推送] 无会话，无法推送给 机器人1 | UNO_STATE:1001|1|3|-1|0|1|Y11|0||0|||moyu,3,1,0|moyu2,3,0,0|机器人1,4,0,0|机器人2,2,0,0|MYHAND|Y55,Gr,Br,Bd
[推送] 无会话，无法推送给 机器人2 | UNO_STATE:1001|1|3|-1|0|1|Y11|0||0|||moyu,3,1,0|moyu2,3,0,0|机器人1,4,0,0|机器人2,2,0,0|MYHAND|Gd,Gs
[推送] -> moyu | 系统 | UNO_STATE:1001|1|2|-1|0|1|Y11|0||0|||moyu,3,1,0|moyu2,3,0,0|机器人1,4,0,0|机器人2,3,0,0|MYHAND|G44,R88,G22
[推送] -> moyu2 | 系统 | UNO_STATE:1001|1|2|-1|0|1|Y11|0||0|||moyu,3,1,0|moyu2,3,0,0|机器人1,4,0,0|机器人2,3,0,0|MYHAND|R11,B11,B55
[推送] 无会话，无法推送给 机器人1 | UNO_STATE:1001|1|2|-1|0|1|Y11|0||0|||moyu,3,1,0|moyu2,3,0,0|机器人1,4,0,0|机器人2,3,0,0|MYHAND|Y55,Gr,Br,Bd
[推送] 无会话，无法推送给 机器人2 | UNO_STATE:1001|1|2|-1|0|1|Y11|0||0|||moyu,3,1,0|moyu2,3,0,0|机器人1,4,0,0|机器人2,3,0,0|MYHAND|Gd,Gs,R33
[推送] -> moyu | 系统 | UNO_STATE:1001|1|1|-1|0|1|Y55|0||0|||moyu,3,1,0|moyu2,3,0,0|机器人1,3,0,0|机器人2,3,0,0|MYHAND|G44,R88,G22
[推送] -> moyu2 | 系统 | UNO_STATE:1001|1|1|-1|0|1|Y55|0||0|||moyu,3,1,0|moyu2,3,0,0|机器人1,3,0,0|机器人2,3,0,0|MYHAND|R11,B11,B55
[推送] 无会话，无法推送给 机器人1 | UNO_STATE:1001|1|1|-1|0|1|Y55|0||0|||moyu,3,1,0|moyu2,3,0,0|机器人1,3,0,0|机器人2,3,0,0|MYHAND|Gr,Br,Bd
[推送] 无会话，无法推送给 机器人2 | UNO_STATE:1001|1|1|-1|0|1|Y55|0||0|||moyu,3,1,0|moyu2,3,0,0|机器人1,3,0,0|机器人2,3,0,0|MYHAND|Gd,Gs,R33
[推送] -> moyu | 系统 | UNO_STATE:1001|3|0|-1|0|1|B55|0||0|||moyu,3,1,0|moyu2,2,0,0|机器人1,3,0,0|机器人2,3,0,0|MYHAND|G44,R88,G22
[推送] -> moyu2 | 系统 | UNO_STATE:1001|3|0|-1|0|1|B55|0||0|||moyu,3,1,0|moyu2,2,0,0|机器人1,3,0,0|机器人2,3,0,0|MYHAND|R11,B11
[推送] 无会话，无法推送给 机器人1 | UNO_STATE:1001|3|0|-1|0|1|B55|0||0|||moyu,3,1,0|moyu2,2,0,0|机器人1,3,0,0|机器人2,3,0,0|MYHAND|Gr,Br,Bd
[推送] 无会话，无法推送给 机器人2 | UNO_STATE:1001|3|0|-1|0|1|B55|0||0|||moyu,3,1,0|moyu2,2,0,0|机器人1,3,0,0|机器人2,3,0,0|MYHAND|Gd,Gs,R33
[推送] -> moyu | 系统 | UNO_STATE:1001|3|0|-1|0|1|B55|0||0||moyu,3|moyu,4,0,0|moyu2,2,0,0|机器人1,3,0,0|机器人2,3,0,0|MYHAND|G44,R88,G22,Kf
[推送] -> moyu2 | 系统 | UNO_STATE:1001|3|0|-1|0|1|B55|0||0||moyu,3|moyu,4,0,0|moyu2,2,0,0|机器人1,3,0,0|机器人2,3,0,0|MYHAND|R11,B11
[推送] 无会话，无法推送给 机器人1 | UNO_STATE:1001|3|0|-1|0|1|B55|0||0||moyu,3|moyu,4,0,0|moyu2,2,0,0|机器人1,3,0,0|机器人2,3,0,0|MYHAND|Gr,Br,Bd
[推送] 无会话，无法推送给 机器人2 | UNO_STATE:1001|3|0|-1|0|1|B55|0||0||moyu,3|moyu,4,0,0|moyu2,2,0,0|机器人1,3,0,0|机器人2,3,0,0|MYHAND|Gd,Gs,R33
[推送] -> moyu | 系统 | UNO_STATE:1001|2|3|-1|4|1|Kf|0||0|机器人2||moyu,3,0,0|moyu2,2,0,0|机器人1,3,0,0|机器人2,3,0,0|MYHAND|G44,R88,G22
[推送] -> moyu2 | 系统 | UNO_STATE:1001|2|3|-1|4|1|Kf|0||0|机器人2||moyu,3,0,0|moyu2,2,0,0|机器人1,3,0,0|机器人2,3,0,0|MYHAND|R11,B11
[推送] 无会话，无法推送给 机器人1 | UNO_STATE:1001|2|3|-1|4|1|Kf|0||0|机器人2||moyu,3,0,0|moyu2,2,0,0|机器人1,3,0,0|机器人2,3,0,0|MYHAND|Gr,Br,Bd
[推送] 无会话，无法推送给 机器人2 | UNO_STATE:1001|2|3|-1|4|1|Kf|0||0|机器人2||moyu,3,0,0|moyu2,2,0,0|机器人1,3,0,0|机器人2,3,0,0|MYHAND|Gd,Gs,R33
[推送] -> moyu | 系统 | UNO_STATE:1001|2|2|-1|0|1|Kf|0||0|||moyu,3,0,0|moyu2,2,0,0|机器人1,3,0,0|机器人2,7,0,0|MYHAND|G44,R88,G22
[推送] -> moyu2 | 系统 | UNO_STATE:1001|2|2|-1|0|1|Kf|0||0|||moyu,3,0,0|moyu2,2,0,0|机器人1,3,0,0|机器人2,7,0,0|MYHAND|R11,B11
[推送] 无会话，无法推送给 机器人1 | UNO_STATE:1001|2|2|-1|0|1|Kf|0||0|||moyu,3,0,0|moyu2,2,0,0|机器人1,3,0,0|机器人2,7,0,0|MYHAND|Gr,Br,Bd
[推送] 无会话，无法推送给 机器人2 | UNO_STATE:1001|2|2|-1|0|1|Kf|0||0|||moyu,3,0,0|moyu2,2,0,0|机器人1,3,0,0|机器人2,7,0,0|MYHAND|Gd,Gs,R33,G77,R22,R99,R66
[推送] -> moyu | 系统 | UNO_STATE:1001|2|3|1|0|0|Gr|0||0|||moyu,3,0,0|moyu2,2,0,0|机器人1,2,0,0|机器人2,7,0,0|MYHAND|G44,R88,G22
[推送] -> moyu2 | 系统 | UNO_STATE:1001|2|3|1|0|0|Gr|0||0|||moyu,3,0,0|moyu2,2,0,0|机器人1,2,0,0|机器人2,7,0,0|MYHAND|R11,B11
[推送] 无会话，无法推送给 机器人1 | UNO_STATE:1001|2|3|1|0|0|Gr|0||0|||moyu,3,0,0|moyu2,2,0,0|机器人1,2,0,0|机器人2,7,0,0|MYHAND|Br,Bd
[推送] 无会话，无法推送给 机器人2 | UNO_STATE:1001|2|3|1|0|0|Gr|0||0|||moyu,3,0,0|moyu2,2,0,0|机器人1,2,0,0|机器人2,7,0,0|MYHAND|Gd,Gs,R33,G77,R22,R99,R66
连接异常: Read timed out
[连接] #4 从 /127.0.0.1
推送注册: moyu2
[推送] -> moyu | 系统 | UNO_STATE:1001|2|0|1|2|0|Gd|0||0|||moyu,3,0,0|moyu2,2,0,0|机器人1,2,0,0|机器人2,6,0,0|MYHAND|G44,R88,G22
[推送] -> moyu2 | 系统 | UNO_STATE:1001|2|0|1|2|0|Gd|0||0|||moyu,3,0,0|moyu2,2,0,0|机器人1,2,0,0|机器人2,6,0,0|MYHAND|R11,B11
[推送] 无会话，无法推送给 机器人1 | UNO_STATE:1001|2|0|1|2|0|Gd|0||0|||moyu,3,0,0|moyu2,2,0,0|机器人1,2,0,0|机器人2,6,0,0|MYHAND|Br,Bd
[推送] 无会话，无法推送给 机器人2 | UNO_STATE:1001|2|0|1|2|0|Gd|0||0|||moyu,3,0,0|moyu2,2,0,0|机器人1,2,0,0|机器人2,6,0,0|MYHAND|Gs,R33,G77,R22,R99,R66
[推送] -> moyu | 系统 | UNO_STATE:1001|2|1|1|0|0|Gd|0||0|||moyu,5,0,0|moyu2,2,0,0|机器人1,2,0,0|机器人2,6,0,0|MYHAND|G44,R88,G22,Kw,B66
[推送] -> moyu2 | 系统 | UNO_STATE:1001|2|1|1|0|0|Gd|0||0|||moyu,5,0,0|moyu2,2,0,0|机器人1,2,0,0|机器人2,6,0,0|MYHAND|R11,B11
[推送] 无会话，无法推送给 机器人1 | UNO_STATE:1001|2|1|1|0|0|Gd|0||0|||moyu,5,0,0|moyu2,2,0,0|机器人1,2,0,0|机器人2,6,0,0|MYHAND|Br,Bd
[推送] 无会话，无法推送给 机器人2 | UNO_STATE:1001|2|1|1|0|0|Gd|0||0|||moyu,5,0,0|moyu2,2,0,0|机器人1,2,0,0|机器人2,6,0,0|MYHAND|Gs,R33,G77,R22,R99,R66
[推送] -> moyu | 系统 | UNO_STATE:1001|2|2|1|0|0|Gd|0||0|||moyu,5,0,0|moyu2,3,0,0|机器人1,2,0,0|机器人2,6,0,0|MYHAND|G44,R88,G22,Kw,B66
[推送] -> moyu2 | 系统 | UNO_STATE:1001|2|2|1|0|0|Gd|0||0|||moyu,5,0,0|moyu2,3,0,0|机器人1,2,0,0|机器人2,6,0,0|MYHAND|R11,B11,Y11
[推送] 无会话，无法推送给 机器人1 | UNO_STATE:1001|2|2|1|0|0|Gd|0||0|||moyu,5,0,0|moyu2,3,0,0|机器人1,2,0,0|机器人2,6,0,0|MYHAND|Br,Bd
[推送] 无会话，无法推送给 机器人2 | UNO_STATE:1001|2|2|1|0|0|Gd|0||0|||moyu,5,0,0|moyu2,3,0,0|机器人1,2,0,0|机器人2,6,0,0|MYHAND|Gs,R33,G77,R22,R99,R66
[推送] -> moyu | 系统 | UNO_STATE:1001|3|3|1|2|0|Bd|0||0|||moyu,5,0,0|moyu2,3,0,0|机器人1,1,1,0|机器人2,6,0,0|MYHAND|G44,R88,G22,Kw,B66
[推送] -> moyu2 | 系统 | UNO_STATE:1001|3|3|1|2|0|Bd|0||0|||moyu,5,0,0|moyu2,3,0,0|机器人1,1,1,0|机器人2,6,0,0|MYHAND|R11,B11,Y11
[推送] 无会话，无法推送给 机器人1 | UNO_STATE:1001|3|3|1|2|0|Bd|0||0|||moyu,5,0,0|moyu2,3,0,0|机器人1,1,1,0|机器人2,6,0,0|MYHAND|Br
[推送] 无会话，无法推送给 机器人2 | UNO_STATE:1001|3|3|1|2|0|Bd|0||0|||moyu,5,0,0|moyu2,3,0,0|机器人1,1,1,0|机器人2,6,0,0|MYHAND|Gs,R33,G77,R22,R99,R66
连接异常: Read timed out
[连接] #4 从 /127.0.0.1
推送注册: moyu
[推送] -> moyu | 系统 | UNO_STATE:1001|3|0|1|0|0|Bd|0||0|||moyu,5,0,0|moyu2,3,0,0|机器人1,1,1,0|机器人2,8,0,0|MYHAND|G44,R88,G22,Kw,B66
[推送] -> moyu2 | 系统 | UNO_STATE:1001|3|0|1|0|0|Bd|0||0|||moyu,5,0,0|moyu2,3,0,0|机器人1,1,1,0|机器人2,8,0,0|MYHAND|R11,B11,Y11
[推送] 无会话，无法推送给 机器人1 | UNO_STATE:1001|3|0|1|0|0|Bd|0||0|||moyu,5,0,0|moyu2,3,0,0|机器人1,1,1,0|机器人2,8,0,0|MYHAND|Br
[推送] 无会话，无法推送给 机器人2 | UNO_STATE:1001|3|0|1|0|0|Bd|0||0|||moyu,5,0,0|moyu2,3,0,0|机器人1,1,1,0|机器人2,8,0,0|MYHAND|Gs,R33,G77,R22,R99,R66,G88,Y22
[推送] -> moyu | 系统 | UNO_STATE:1001|3|1|1|0|0|B66|0||0|||moyu,4,0,0|moyu2,3,0,0|机器人1,1,1,0|机器人2,8,0,0|MYHAND|G44,R88,G22,Kw
[推送] -> moyu2 | 系统 | UNO_STATE:1001|3|1|1|0|0|B66|0||0|||moyu,4,0,0|moyu2,3,0,0|机器人1,1,1,0|机器人2,8,0,0|MYHAND|R11,B11,Y11
[推送] 无会话，无法推送给 机器人1 | UNO_STATE:1001|3|1|1|0|0|B66|0||0|||moyu,4,0,0|moyu2,3,0,0|机器人1,1,1,0|机器人2,8,0,0|MYHAND|Br
[推送] 无会话，无法推送给 机器人2 | UNO_STATE:1001|3|1|1|0|0|B66|0||0|||moyu,4,0,0|moyu2,3,0,0|机器人1,1,1,0|机器人2,8,0,0|MYHAND|Gs,R33,G77,R22,R99,R66,G88,Y22
[推送] -> moyu | 系统 | UNO_STATE:1001|3|2|1|0|0|B11|0||0|||moyu,4,0,0|moyu2,2,0,0|机器人1,1,1,0|机器人2,8,0,0|MYHAND|G44,R88,G22,Kw
[推送] -> moyu2 | 系统 | UNO_STATE:1001|3|2|1|0|0|B11|0||0|||moyu,4,0,0|moyu2,2,0,0|机器人1,1,1,0|机器人2,8,0,0|MYHAND|R11,Y11
[推送] 无会话，无法推送给 机器人1 | UNO_STATE:1001|3|2|1|0|0|B11|0||0|||moyu,4,0,0|moyu2,2,0,0|机器人1,1,1,0|机器人2,8,0,0|MYHAND|Br
[推送] 无会话，无法推送给 机器人2 | UNO_STATE:1001|3|2|1|0|0|B11|0||0|||moyu,4,0,0|moyu2,2,0,0|机器人1,1,1,0|机器人2,8,0,0|MYHAND|Gs,R33,G77,R22,R99,R66,G88,Y22
[推送] -> moyu | 系统 | UNO_STATE:1001|3|2|-1|0|1|Br|1|机器人1|0|||moyu,4,0,0|moyu2,2,0,0|机器人1,0,1,0|机器人2,8,0,0|MYHAND|G44,R88,G22,Kw
[推送] -> moyu2 | 系统 | UNO_STATE:1001|3|2|-1|0|1|Br|1|机器人1|0|||moyu,4,0,0|moyu2,2,0,0|机器人1,0,1,0|机器人2,8,0,0|MYHAND|R11,Y11
[推送] 无会话，无法推送给 机器人1 | UNO_STATE:1001|3|2|-1|0|1|Br|1|机器人1|0|||moyu,4,0,0|moyu2,2,0,0|机器人1,0,1,0|机器人2,8,0,0|MYHAND|
[推送] 无会话，无法推送给 机器人2 | UNO_STATE:1001|3|2|-1|0|1|Br|1|机器人1|0|||moyu,4,0,0|moyu2,2,0,0|机器人1,0,1,0|机器人2,8,0,0|MYHAND|Gs,R33,G77,R22,R99,R66,G88,Y22
[推送] -> moyu | 系统 | DUEL_GAME_OVER:1001:moyu,FAIL:0:64;moyu2,FAIL:0:2;机器人1,WIN:0:0;机器人2,FAIL:0:57;
[推送] -> moyu2 | 系统 | DUEL_GAME_OVER:1001:moyu,FAIL:0:64;moyu2,FAIL:0:2;机器人1,WIN:0:0;机器人2,FAIL:0:57;
[推送] 无会话，无法推送给 机器人1 | DUEL_GAME_OVER:1001:moyu,FAIL:0:64;moyu2,FAIL:0:2;机器人1,WIN:0:0;机器人2,FAIL:0:57;
[推送] 无会话，无法推送给 机器人2 | DUEL_GAME_OVER:1001:moyu,FAIL:0:64;moyu2,FAIL:0:2;机器人1,WIN:0:0;机器人2,FAIL:0:57;
[推送] -> moyu | 系统 | DUEL_STATE:1001|0|4|UNO|moyu,0|moyu2,0
[推送] -> moyu2 | 系统 | DUEL_STATE:1001|0|4|UNO|moyu,0|moyu2,0
[连接] #5 从 /127.0.0.1
连接异常: Read timed out
[连接] #4 从 /127.0.0.1
推送注册: moyu2
连接异常: Read timed out
[连接] #2 从 /127.0.0.1
推送注册: moyu2
连接异常: Read timed out
[连接] #2 从 /127.0.0.1
推送注册: moyu
连接异常: Read timed out
[连接] #2 从 /127.0.0.1
推送注册: moyu2
连接异常: Read timed out
[连接] #2 从 /127.0.0.1
推送注册: moyu
[连接] #3 从 /127.0.0.1
[推送] -> moyu2 | 系统 | DUEL_STATE:1001|0|4|UNO|moyu2,0
推送断开: moyu
[连接] #2 从 /127.0.0.1
[连接] #3 从 /127.0.0.1
连接异常: Read timed out
[连接] #2 从 /127.0.0.1
推送注册: moyu2
[连接] #2 从 /127.0.0.1
[连接] #3 从 /127.0.0.1
推送注册: moyu
连接异常: Read timed out
[连接] #3 从 /127.0.0.1
推送注册: moyu2
[连接] #4 从 /127.0.0.1
[连接] #5 从 /127.0.0.1
推送注册: moyu2
连接异常: Socket closed
[连接] #5 从 /127.0.0.1
推送注册: moyu2
连接异常: Socket closed
[连接] #5 从 /127.0.0.1
推送注册: moyu2
连接异常: Socket closed
[连接] #5 从 /127.0.0.1
推送注册: moyu2
连接异常: Socket closed
[连接] #5 从 /127.0.0.1
推送注册: moyu2
连接异常: Socket closed
[连接] #5 从 /127.0.0.1
推送注册: moyu2
连接异常: Socket closed
[推送] -> moyu2 | moyu | DUEL_INVITE:1002:0:4:UNO:1785984064267
[连接] #5 从 /127.0.0.1
推送注册: moyu2
连接异常: Socket closed
[连接] #5 从 /127.0.0.1
[推送] -> moyu | moyu2 | DUEL_ACCEPT:1002
[推送] -> moyu | 系统 | DUEL_STATE:1002|0|4|UNO|moyu,0|moyu2,0
[推送] -> moyu2 | 系统 | DUEL_STATE:1002|0|4|UNO|moyu,0|moyu2,0
[连接] #6 从 /127.0.0.1
推送注册: moyu2
连接异常: Socket closed
[连接] #6 从 /127.0.0.1
推送注册: moyu2
连接异常: Socket closed
[连接] #6 从 /127.0.0.1
推送注册: moyu2
连接异常: Socket closed
[连接] #6 从 /127.0.0.1
推送注册: moyu2
连接异常: Socket closed
[推送] -> moyu | 系统 | DUEL_STATE:1002|0|4|UNO|moyu,0|moyu2,0|机器人3,1
[推送] -> moyu | 系统 | DUEL_BOTS_JOINED:1002
[推送] -> moyu2 | 系统 | DUEL_STATE:1002|0|4|UNO|moyu,0|moyu2,0|机器人3,1
[推送] -> moyu2 | 系统 | DUEL_BOTS_JOINED:1002
[自定义] 房间 1002 手动加入机器人: 机器人3
[推送] -> moyu | 系统 | DUEL_STATE:1002|0|4|UNO|moyu,0|moyu2,0|机器人3,1|机器人4,1
[推送] -> moyu | 系统 | DUEL_BOTS_JOINED:1002
[推送] -> moyu2 | 系统 | DUEL_STATE:1002|0|4|UNO|moyu,0|moyu2,0|机器人3,1|机器人4,1
[推送] -> moyu2 | 系统 | DUEL_BOTS_JOINED:1002
[自定义] 房间 1002 手动加入机器人: 机器人4
[连接] #6 从 /127.0.0.1
推送注册: moyu2
连接异常: Socket closed
[对决] DUEL_READY 结果: SUCCESS|1002|0|4|UNO|moyu,1|moyu2,0|机器人3,1|机器人4,1
[对决] 准备后推送状态: 1002|0|4|UNO|moyu,1|moyu2,0|机器人3,1|机器人4,1
[推送] -> moyu | 系统 | DUEL_STATE:1002|0|4|UNO|moyu,1|moyu2,0|机器人3,1|机器人4,1
[推送] -> moyu2 | 系统 | DUEL_STATE:1002|0|4|UNO|moyu,1|moyu2,0|机器人3,1|机器人4,1
[推送] 无会话，无法推送给 机器人3 | DUEL_STATE:1002|0|4|UNO|moyu,1|moyu2,0|机器人3,1|机器人4,1
[推送] 无会话，无法推送给 机器人4 | DUEL_STATE:1002|0|4|UNO|moyu,1|moyu2,0|机器人3,1|机器人4,1
[连接] #6 从 /127.0.0.1
推送注册: moyu2
连接异常: Socket closed
[连接] #6 从 /127.0.0.1
推送注册: moyu2
连接异常: Socket closed
[连接] #6 从 /127.0.0.1
推送注册: moyu2
连接异常: Socket closed
[对决] DUEL_READY 结果: SUCCESS|1002|0|4|UNO|moyu,1|moyu2,1|机器人3,1|机器人4,1|ALL_READY
[对决] 准备后推送状态: 1002|0|4|UNO|moyu,1|moyu2,1|机器人3,1|机器人4,1
[推送] -> moyu | 系统 | DUEL_STATE:1002|0|4|UNO|moyu,1|moyu2,1|机器人3,1|机器人4,1
[推送] -> moyu2 | 系统 | DUEL_STATE:1002|0|4|UNO|moyu,1|moyu2,1|机器人3,1|机器人4,1
[推送] 无会话，无法推送给 机器人3 | DUEL_STATE:1002|0|4|UNO|moyu,1|moyu2,1|机器人3,1|机器人4,1
[推送] 无会话，无法推送给 机器人4 | DUEL_STATE:1002|0|4|UNO|moyu,1|moyu2,1|机器人3,1|机器人4,1
[推送] -> moyu | 系统 | DUEL_GAME_START:1002:1785977328162:0
[推送] -> moyu2 | 系统 | DUEL_GAME_START:1002:1785977328162:0
[推送] 无会话，无法推送给 机器人3 | DUEL_GAME_START:1002:1785977328162:0
[推送] 无会话，无法推送给 机器人4 | DUEL_GAME_START:1002:1785977328162:0
[对决] 房间 1002 游戏开始，种子=1785977328162
[推送] -> moyu | 系统 | UNO_STATE:1002|2|2|1|0|0|Gs|0||0|||moyu,7,0,0|moyu2,7,0,0|机器人3,7,0,0|机器人4,7,0,0|MYHAND|Kf,R44,Y99,Y66,G00,R55,R88
[推送] -> moyu2 | 系统 | UNO_STATE:1002|2|2|1|0|0|Gs|0||0|||moyu,7,0,0|moyu2,7,0,0|机器人3,7,0,0|机器人4,7,0,0|MYHAND|Kf,Yr,B99,R88,R99,B66,B99
[推送] 无会话，无法推送给 机器人3 | UNO_STATE:1002|2|2|1|0|0|Gs|0||0|||moyu,7,0,0|moyu2,7,0,0|机器人3,7,0,0|机器人4,7,0,0|MYHAND|B66,B44,G88,B77,G99,R11,Bs
[推送] 无会话，无法推送给 机器人4 | UNO_STATE:1002|2|2|1|0|0|Gs|0||0|||moyu,7,0,0|moyu2,7,0,0|机器人3,7,0,0|机器人4,7,0,0|MYHAND|R44,G33,Y99,Br,Rs,Y44,R11
[UNO] 房间 1002 开局，玩家=[moyu, moyu2, 机器人3, 机器人4]
[连接] #6 从 /127.0.0.1
推送注册: moyu2
连接异常: Socket closed
[连接] #6 从 /127.0.0.1
推送注册: moyu2
连接异常: Socket closed
[推送] -> moyu | 系统 | UNO_STATE:1002|2|3|1|0|0|G88|0||0|||moyu,7,0,0|moyu2,7,0,0|机器人3,6,0,0|机器人4,7,0,0|MYHAND|Kf,R44,Y99,Y66,G00,R55,R88
[推送] -> moyu2 | 系统 | UNO_STATE:1002|2|3|1|0|0|G88|0||0|||moyu,7,0,0|moyu2,7,0,0|机器人3,6,0,0|机器人4,7,0,0|MYHAND|Kf,Yr,B99,R88,R99,B66,B99
[推送] 无会话，无法推送给 机器人3 | UNO_STATE:1002|2|3|1|0|0|G88|0||0|||moyu,7,0,0|moyu2,7,0,0|机器人3,6,0,0|机器人4,7,0,0|MYHAND|B66,B44,B77,G99,R11,Bs
[推送] 无会话，无法推送给 机器人4 | UNO_STATE:1002|2|3|1|0|0|G88|0||0|||moyu,7,0,0|moyu2,7,0,0|机器人3,6,0,0|机器人4,7,0,0|MYHAND|R44,G33,Y99,Br,Rs,Y44,R11
[连接] #6 从 /127.0.0.1
推送注册: moyu2
连接异常: Socket closed
[推送] -> moyu | 系统 | UNO_STATE:1002|2|0|1|0|0|G33|0||0|||moyu,7,0,0|moyu2,7,0,0|机器人3,6,0,0|机器人4,6,0,0|MYHAND|Kf,R44,Y99,Y66,G00,R55,R88
[推送] -> moyu2 | 系统 | UNO_STATE:1002|2|0|1|0|0|G33|0||0|||moyu,7,0,0|moyu2,7,0,0|机器人3,6,0,0|机器人4,6,0,0|MYHAND|Kf,Yr,B99,R88,R99,B66,B99
[推送] 无会话，无法推送给 机器人3 | UNO_STATE:1002|2|0|1|0|0|G33|0||0|||moyu,7,0,0|moyu2,7,0,0|机器人3,6,0,0|机器人4,6,0,0|MYHAND|B66,B44,B77,G99,R11,Bs
[推送] 无会话，无法推送给 机器人4 | UNO_STATE:1002|2|0|1|0|0|G33|0||0|||moyu,7,0,0|moyu2,7,0,0|机器人3,6,0,0|机器人4,6,0,0|MYHAND|R44,Y99,Br,Rs,Y44,R11
[连接] #6 从 /127.0.0.1
连接异常: Socket closed
推送注册: moyu2
[连接] #6 从 /127.0.0.1
推送注册: moyu2
连接异常: Socket closed
连接异常: Read timed out
[连接] #5 从 /127.0.0.1
推送注册: moyu2
连接异常: Socket closed
[连接] #5 从 /127.0.0.1
推送注册: moyu
[连接] #6 从 /127.0.0.1
推送注册: moyu2
连接异常: Socket closed
[连接] #6 从 /127.0.0.1
推送注册: moyu2
连接异常: Socket closed
[对决] DUEL_READY 结果: SUCCESS|1002|0|4|UNO|moyu,1|moyu2,0|机器人3,1|机器人4,1
[对决] 准备后推送状态: 1002|0|4|UNO|moyu,1|moyu2,0|机器人3,1|机器人4,1
[推送] -> moyu | 系统 | DUEL_STATE:1002|0|4|UNO|moyu,1|moyu2,0|机器人3,1|机器人4,1
[推送] -> moyu2 | 系统 | DUEL_STATE:1002|0|4|UNO|moyu,1|moyu2,0|机器人3,1|机器人4,1
[推送] 无会话，无法推送给 机器人3 | DUEL_STATE:1002|0|4|UNO|moyu,1|moyu2,0|机器人3,1|机器人4,1
[推送] 无会话，无法推送给 机器人4 | DUEL_STATE:1002|0|4|UNO|moyu,1|moyu2,0|机器人3,1|机器人4,1
[对决] DUEL_READY 结果: SUCCESS|1002|0|4|UNO|moyu,1|moyu2,1|机器人3,1|机器人4,1|ALL_READY
[对决] 准备后推送状态: 1002|0|4|UNO|moyu,1|moyu2,1|机器人3,1|机器人4,1
[推送] -> moyu | 系统 | DUEL_STATE:1002|0|4|UNO|moyu,1|moyu2,1|机器人3,1|机器人4,1
[推送] -> moyu2 | 系统 | DUEL_STATE:1002|0|4|UNO|moyu,1|moyu2,1|机器人3,1|机器人4,1
[推送] 无会话，无法推送给 机器人3 | DUEL_STATE:1002|0|4|UNO|moyu,1|moyu2,1|机器人3,1|机器人4,1
[推送] 无会话，无法推送给 机器人4 | DUEL_STATE:1002|0|4|UNO|moyu,1|moyu2,1|机器人3,1|机器人4,1
[推送] -> moyu | 系统 | DUEL_GAME_START:1002:1785977326920:0
[推送] -> moyu2 | 系统 | DUEL_GAME_START:1002:1785977326920:0
[推送] 无会话，无法推送给 机器人3 | DUEL_GAME_START:1002:1785977326920:0
[推送] 无会话，无法推送给 机器人4 | DUEL_GAME_START:1002:1785977326920:0
[对决] 房间 1002 游戏开始，种子=1785977326920
[推送] -> moyu | 系统 | UNO_STATE:1002|0|1|1|0|0|R33|0||0|||moyu,7,0,0|moyu2,7,0,0|机器人3,7,0,0|机器人4,7,0,0|MYHAND|Y00,G44,Kw,Y99,Y66,G77,B22
[推送] -> moyu2 | 系统 | UNO_STATE:1002|0|1|1|0|0|R33|0||0|||moyu,7,0,0|moyu2,7,0,0|机器人3,7,0,0|机器人4,7,0,0|MYHAND|Y33,Gs,Bd,B55,G55,G77,Ys
[推送] 无会话，无法推送给 机器人3 | UNO_STATE:1002|0|1|1|0|0|R33|0||0|||moyu,7,0,0|moyu2,7,0,0|机器人3,7,0,0|机器人4,7,0,0|MYHAND|Y55,Bs,Kw,Y33,B77,Kf,B55
[推送] 无会话，无法推送给 机器人4 | UNO_STATE:1002|0|1|1|0|0|R33|0||0|||moyu,7,0,0|moyu2,7,0,0|机器人3,7,0,0|机器人4,7,0,0|MYHAND|Y77,Rd,Kw,B44,B11,G66,B44
[UNO] 房间 1002 开局，玩家=[moyu, moyu2, 机器人3, 机器人4]
[连接] #6 从 /127.0.0.1
推送注册: moyu2
连接异常: Socket closed
[连接] #6 从 /127.0.0.1
连接异常: Socket closed
推送注册: moyu2
[连接] #6 从 /127.0.0.1
推送注册: moyu2
连接异常: Socket closed
[连接] #6 从 /127.0.0.1
推送注册: moyu2
连接异常: Socket closed
[对决] DUEL_READY 结果: SUCCESS|1002|0|4|UNO|moyu,1|moyu2,0|机器人3,1|机器人4,1
[对决] 准备后推送状态: 1002|0|4|UNO|moyu,1|moyu2,0|机器人3,1|机器人4,1
[推送] -> moyu | 系统 | DUEL_STATE:1002|0|4|UNO|moyu,1|moyu2,0|机器人3,1|机器人4,1
[推送] -> moyu2 | 系统 | DUEL_STATE:1002|0|4|UNO|moyu,1|moyu2,0|机器人3,1|机器人4,1
[推送] 无会话，无法推送给 机器人3 | DUEL_STATE:1002|0|4|UNO|moyu,1|moyu2,0|机器人3,1|机器人4,1
[推送] 无会话，无法推送给 机器人4 | DUEL_STATE:1002|0|4|UNO|moyu,1|moyu2,0|机器人3,1|机器人4,1
[对决] DUEL_READY 结果: SUCCESS|1002|0|4|UNO|moyu,1|moyu2,1|机器人3,1|机器人4,1|ALL_READY
[对决] 准备后推送状态: 1002|0|4|UNO|moyu,1|moyu2,1|机器人3,1|机器人4,1
[推送] -> moyu | 系统 | DUEL_STATE:1002|0|4|UNO|moyu,1|moyu2,1|机器人3,1|机器人4,1
[推送] -> moyu2 | 系统 | DUEL_STATE:1002|0|4|UNO|moyu,1|moyu2,1|机器人3,1|机器人4,1
[推送] 无会话，无法推送给 机器人3 | DUEL_STATE:1002|0|4|UNO|moyu,1|moyu2,1|机器人3,1|机器人4,1
[推送] 无会话，无法推送给 机器人4 | DUEL_STATE:1002|0|4|UNO|moyu,1|moyu2,1|机器人3,1|机器人4,1
[推送] -> moyu | 系统 | DUEL_GAME_START:1002:1785977339074:0
[推送] -> moyu2 | 系统 | DUEL_GAME_START:1002:1785977339074:0
[推送] 无会话，无法推送给 机器人3 | DUEL_GAME_START:1002:1785977339074:0
[推送] 无会话，无法推送给 机器人4 | DUEL_GAME_START:1002:1785977339074:0
[对决] 房间 1002 游戏开始，种子=1785977339074
[推送] -> moyu | 系统 | UNO_STATE:1002|0|1|1|0|0|R00|0||0|||moyu,7,0,0|moyu2,7,0,0|机器人3,7,0,0|机器人4,7,0,0|MYHAND|Rd,R66,R88,G99,B44,R77,Bs
[推送] -> moyu2 | 系统 | UNO_STATE:1002|0|1|1|0|0|R00|0||0|||moyu,7,0,0|moyu2,7,0,0|机器人3,7,0,0|机器人4,7,0,0|MYHAND|Bd,B55,G33,B77,B88,Gd,Kw
[推送] 无会话，无法推送给 机器人3 | UNO_STATE:1002|0|1|1|0|0|R00|0||0|||moyu,7,0,0|moyu2,7,0,0|机器人3,7,0,0|机器人4,7,0,0|MYHAND|B22,B99,B22,Gr,Gr,Rs,Y33
[推送] 无会话，无法推送给 机器人4 | UNO_STATE:1002|0|1|1|0|0|R00|0||0|||moyu,7,0,0|moyu2,7,0,0|机器人3,7,0,0|机器人4,7,0,0|MYHAND|Y33,Y99,R77,R11,Kf,B44,G44
[UNO] 房间 1002 开局，玩家=[moyu, moyu2, 机器人3, 机器人4]
[连接] #6 从 /127.0.0.1
连接异常: Socket closed
推送注册: moyu2
[对决] DUEL_READY 结果: SUCCESS|1002|0|4|UNO|moyu,1|moyu2,0|机器人3,1|机器人4,1
[对决] 准备后推送状态: 1002|0|4|UNO|moyu,1|moyu2,0|机器人3,1|机器人4,1
[推送] -> moyu | 系统 | DUEL_STATE:1002|0|4|UNO|moyu,1|moyu2,0|机器人3,1|机器人4,1
[推送] -> moyu2 | 系统 | DUEL_STATE:1002|0|4|UNO|moyu,1|moyu2,0|机器人3,1|机器人4,1
[推送] 无会话，无法推送给 机器人3 | DUEL_STATE:1002|0|4|UNO|moyu,1|moyu2,0|机器人3,1|机器人4,1
[推送] 无会话，无法推送给 机器人4 | DUEL_STATE:1002|0|4|UNO|moyu,1|moyu2,0|机器人3,1|机器人4,1
[对决] DUEL_READY 结果: SUCCESS|1002|0|4|UNO|moyu,1|moyu2,1|机器人3,1|机器人4,1|ALL_READY
[对决] 准备后推送状态: 1002|0|4|UNO|moyu,1|moyu2,1|机器人3,1|机器人4,1
[推送] -> moyu | 系统 | DUEL_STATE:1002|0|4|UNO|moyu,1|moyu2,1|机器人3,1|机器人4,1
[推送] -> moyu2 | 系统 | DUEL_STATE:1002|0|4|UNO|moyu,1|moyu2,1|机器人3,1|机器人4,1
[推送] 无会话，无法推送给 机器人3 | DUEL_STATE:1002|0|4|UNO|moyu,1|moyu2,1|机器人3,1|机器人4,1
[推送] 无会话，无法推送给 机器人4 | DUEL_STATE:1002|0|4|UNO|moyu,1|moyu2,1|机器人3,1|机器人4,1
[推送] -> moyu | 系统 | DUEL_GAME_START:1002:1785977332114:0
[推送] -> moyu2 | 系统 | DUEL_GAME_START:1002:1785977332114:0
[推送] 无会话，无法推送给 机器人3 | DUEL_GAME_START:1002:1785977332114:0
[推送] 无会话，无法推送给 机器人4 | DUEL_GAME_START:1002:1785977332114:0
[对决] 房间 1002 游戏开始，种子=1785977332114
[推送] -> moyu | 系统 | UNO_STATE:1002|1|1|1|2|0|Yd|0||0|||moyu,7,0,0|moyu2,7,0,0|机器人3,7,0,0|机器人4,7,0,0|MYHAND|G55,G77,G33,B44,Kf,Bd,R00
[推送] -> moyu2 | 系统 | UNO_STATE:1002|1|1|1|2|0|Yd|0||0|||moyu,7,0,0|moyu2,7,0,0|机器人3,7,0,0|机器人4,7,0,0|MYHAND|Kw,R33,Rr,Yd,B88,Yr,Y11
[推送] 无会话，无法推送给 机器人3 | UNO_STATE:1002|1|1|1|2|0|Yd|0||0|||moyu,7,0,0|moyu2,7,0,0|机器人3,7,0,0|机器人4,7,0,0|MYHAND|B55,G99,Bs,R44,B11,B77,Ys
[推送] 无会话，无法推送给 机器人4 | UNO_STATE:1002|1|1|1|2|0|Yd|0||0|||moyu,7,0,0|moyu2,7,0,0|机器人3,7,0,0|机器人4,7,0,0|MYHAND|Y22,B33,Kf,R88,Y99,Y99,Y33
[UNO] 房间 1002 开局，玩家=[moyu, moyu2, 机器人3, 机器人4]
[连接] #6 从 /127.0.0.1
推送注册: moyu2
连接异常: Socket closed
[连接] #6 从 /127.0.0.1
推送注册: moyu2
连接异常: Socket closed
[连接] #5 从 /127.0.0.1
推送注册: moyu2
连接异常: Socket closed
[连接] #5 从 /127.0.0.1
推送注册: moyu2
连接异常: Socket closed
[连接] #5 从 /127.0.0.1
推送注册: moyu2
连接异常: Socket closed
[连接] #5 从 /127.0.0.1
连接异常: Socket closed
推送注册: moyu2
[连接] #5 从 /127.0.0.1
推送注册: moyu2
连接异常: Socket closed
[推送] -> moyu | 系统 | UNO_STATE:1002|1|2|1|4|0|Yd|0||0|||moyu,7,0,0|moyu2,6,0,0|机器人3,7,0,0|机器人4,7,0,0|MYHAND|G55,G77,G33,B44,Kf,Bd,R00
[推送] -> moyu2 | 系统 | UNO_STATE:1002|1|2|1|4|0|Yd|0||0|||moyu,7,0,0|moyu2,6,0,0|机器人3,7,0,0|机器人4,7,0,0|MYHAND|Kw,R33,Rr,B88,Yr,Y11
[推送] 无会话，无法推送给 机器人3 | UNO_STATE:1002|1|2|1|4|0|Yd|0||0|||moyu,7,0,0|moyu2,6,0,0|机器人3,7,0,0|机器人4,7,0,0|MYHAND|B55,G99,Bs,R44,B11,B77,Ys
[推送] 无会话，无法推送给 机器人4 | UNO_STATE:1002|1|2|1|4|0|Yd|0||0|||moyu,7,0,0|moyu2,6,0,0|机器人3,7,0,0|机器人4,7,0,0|MYHAND|Y22,B33,Kf,R88,Y99,Y99,Y33
[连接] #5 从 /127.0.0.1
连接异常: Socket closed
推送注册: moyu2
[推送] -> moyu | 系统 | UNO_STATE:1002|1|3|1|0|0|Yd|0||0|||moyu,7,0,0|moyu2,6,0,0|机器人3,11,0,0|机器人4,7,0,0|MYHAND|G55,G77,G33,B44,Kf,Bd,R00
[推送] -> moyu2 | 系统 | UNO_STATE:1002|1|3|1|0|0|Yd|0||0|||moyu,7,0,0|moyu2,6,0,0|机器人3,11,0,0|机器人4,7,0,0|MYHAND|Kw,R33,Rr,B88,Yr,Y11
[推送] 无会话，无法推送给 机器人3 | UNO_STATE:1002|1|3|1|0|0|Yd|0||0|||moyu,7,0,0|moyu2,6,0,0|机器人3,11,0,0|机器人4,7,0,0|MYHAND|B55,G99,Bs,R44,B11,B77,Ys,G11,Yr,R99,Kf
[推送] 无会话，无法推送给 机器人4 | UNO_STATE:1002|1|3|1|0|0|Yd|0||0|||moyu,7,0,0|moyu2,6,0,0|机器人3,11,0,0|机器人4,7,0,0|MYHAND|Y22,B33,Kf,R88,Y99,Y99,Y33
[连接] #5 从 /127.0.0.1
推送注册: moyu2
连接异常: Socket closed
[连接] #5 从 /127.0.0.1
连接异常: Socket closed
推送注册: moyu2
[推送] -> moyu | 系统 | UNO_STATE:1002|1|0|1|0|0|Y22|0||0|||moyu,7,0,0|moyu2,6,0,0|机器人3,11,0,0|机器人4,6,0,0|MYHAND|G55,G77,G33,B44,Kf,Bd,R00
[推送] -> moyu2 | 系统 | UNO_STATE:1002|1|0|1|0|0|Y22|0||0|||moyu,7,0,0|moyu2,6,0,0|机器人3,11,0,0|机器人4,6,0,0|MYHAND|Kw,R33,Rr,B88,Yr,Y11
[推送] 无会话，无法推送给 机器人3 | UNO_STATE:1002|1|0|1|0|0|Y22|0||0|||moyu,7,0,0|moyu2,6,0,0|机器人3,11,0,0|机器人4,6,0,0|MYHAND|B55,G99,Bs,R44,B11,B77,Ys,G11,Yr,R99,Kf
[推送] 无会话，无法推送给 机器人4 | UNO_STATE:1002|1|0|1|0|0|Y22|0||0|||moyu,7,0,0|moyu2,6,0,0|机器人3,11,0,0|机器人4,6,0,0|MYHAND|B33,Kf,R88,Y99,Y99,Y33
[连接] #5 从 /127.0.0.1
推送注册: moyu2
连接异常: Socket closed
[连接] #5 从 /127.0.0.1
推送注册: moyu2
连接异常: Socket closed
[连接] #5 从 /127.0.0.1
推送注册: moyu2
连接异常: Socket closed
[连接] #5 从 /127.0.0.1
推送注册: moyu2
连接异常: Socket closed
[连接] #5 从 /127.0.0.1
推送注册: moyu2
连接异常: Socket closed
[连接] #5 从 /127.0.0.1
推送注册: moyu2
连接异常: Socket closed
[连接] #5 从 /127.0.0.1
推送注册: moyu2
连接异常: Socket closed
[推送] -> moyu | 系统 | UNO_STATE:1002|2|1|1|4|0|Kf|0||0|moyu2||moyu,6,0,0|moyu2,6,0,0|机器人3,11,0,0|机器人4,6,0,0|MYHAND|G55,G77,G33,B44,Bd,R00
[推送] -> moyu2 | 系统 | UNO_STATE:1002|2|1|1|4|0|Kf|0||0|moyu2||moyu,6,0,0|moyu2,6,0,0|机器人3,11,0,0|机器人4,6,0,0|MYHAND|Kw,R33,Rr,B88,Yr,Y11
[推送] 无会话，无法推送给 机器人3 | UNO_STATE:1002|2|1|1|4|0|Kf|0||0|moyu2||moyu,6,0,0|moyu2,6,0,0|机器人3,11,0,0|机器人4,6,0,0|MYHAND|B55,G99,Bs,R44,B11,B77,Ys,G11,Yr,R99,Kf
[推送] 无会话，无法推送给 机器人4 | UNO_STATE:1002|2|1|1|4|0|Kf|0||0|moyu2||moyu,6,0,0|moyu2,6,0,0|机器人3,11,0,0|机器人4,6,0,0|MYHAND|B33,Kf,R88,Y99,Y99,Y33
[连接] #5 从 /127.0.0.1
推送注册: moyu2
连接异常: Socket closed
[连接] #5 从 /127.0.0.1
推送注册: moyu2
连接异常: Socket closed
[连接] #5 从 /127.0.0.1
推送注册: moyu2
连接异常: Socket closed
[连接] #5 从 /127.0.0.1
推送注册: moyu2
连接异常: Socket closed
[连接] #5 从 /127.0.0.1
推送注册: moyu2
连接异常: Socket closed
[连接] #5 从 /127.0.0.1
推送注册: moyu2
连接异常: Socket closed
连接异常: Read timed out
[连接] #4 从 /127.0.0.1
连接异常: Socket closed
推送注册: moyu2
[连接] #4 从 /127.0.0.1
推送注册: moyu
[连接] #5 从 /127.0.0.1
推送注册: moyu2
连接异常: Socket closed
[连接] #5 从 /127.0.0.1
推送注册: moyu2
连接异常: Socket closed
[推送] -> moyu | 系统 | UNO_STATE:1002|2|2|1|0|0|Kf|0||0|||moyu,10,0,0|moyu2,6,0,0|机器人3,11,0,0|机器人4,6,0,0|MYHAND|G55,G77,G33,B44,Bd,R00,Rd,R22,B99,Rd
[推送] -> moyu2 | 系统 | UNO_STATE:1002|2|2|1|0|0|Kf|0||0|||moyu,10,0,0|moyu2,6,0,0|机器人3,11,0,0|机器人4,6,0,0|MYHAND|Kw,R33,Rr,B88,Yr,Y11
[推送] 无会话，无法推送给 机器人3 | UNO_STATE:1002|2|2|1|0|0|Kf|0||0|||moyu,10,0,0|moyu2,6,0,0|机器人3,11,0,0|机器人4,6,0,0|MYHAND|B55,G99,Bs,R44,B11,B77,Ys,G11,Yr,R99,Kf
[推送] 无会话，无法推送给 机器人4 | UNO_STATE:1002|2|2|1|0|0|Kf|0||0|||moyu,10,0,0|moyu2,6,0,0|机器人3,11,0,0|机器人4,6,0,0|MYHAND|B33,Kf,R88,Y99,Y99,Y33
[连接] #5 从 /127.0.0.1
推送注册: moyu2
连接异常: Socket closed
[连接] #5 从 /127.0.0.1
推送注册: moyu2
连接异常: Socket closed
[推送] -> moyu | 系统 | UNO_STATE:1002|2|3|1|0|0|G99|0||0|||moyu,10,0,0|moyu2,6,0,0|机器人3,10,0,0|机器人4,6,0,0|MYHAND|G55,G77,G33,B44,Bd,R00,Rd,R22,B99,Rd
[推送] -> moyu2 | 系统 | UNO_STATE:1002|2|3|1|0|0|G99|0||0|||moyu,10,0,0|moyu2,6,0,0|机器人3,10,0,0|机器人4,6,0,0|MYHAND|Kw,R33,Rr,B88,Yr,Y11
[推送] 无会话，无法推送给 机器人3 | UNO_STATE:1002|2|3|1|0|0|G99|0||0|||moyu,10,0,0|moyu2,6,0,0|机器人3,10,0,0|机器人4,6,0,0|MYHAND|B55,Bs,R44,B11,B77,Ys,G11,Yr,R99,Kf
[推送] 无会话，无法推送给 机器人4 | UNO_STATE:1002|2|3|1|0|0|G99|0||0|||moyu,10,0,0|moyu2,6,0,0|机器人3,10,0,0|机器人4,6,0,0|MYHAND|B33,Kf,R88,Y99,Y99,Y33
[连接] #5 从 /127.0.0.1
推送注册: moyu2
连接异常: Socket closed
[连接] #5 从 /127.0.0.1
推送注册: moyu2
连接异常: Socket closed
[推送] -> moyu | 系统 | UNO_STATE:1002|1|0|1|0|0|Y99|0||0|||moyu,10,0,0|moyu2,6,0,0|机器人3,10,0,0|机器人4,5,0,0|MYHAND|G55,G77,G33,B44,Bd,R00,Rd,R22,B99,Rd
[推送] -> moyu2 | 系统 | UNO_STATE:1002|1|0|1|0|0|Y99|0||0|||moyu,10,0,0|moyu2,6,0,0|机器人3,10,0,0|机器人4,5,0,0|MYHAND|Kw,R33,Rr,B88,Yr,Y11
[推送] 无会话，无法推送给 机器人3 | UNO_STATE:1002|1|0|1|0|0|Y99|0||0|||moyu,10,0,0|moyu2,6,0,0|机器人3,10,0,0|机器人4,5,0,0|MYHAND|B55,Bs,R44,B11,B77,Ys,G11,Yr,R99,Kf
[推送] 无会话，无法推送给 机器人4 | UNO_STATE:1002|1|0|1|0|0|Y99|0||0|||moyu,10,0,0|moyu2,6,0,0|机器人3,10,0,0|机器人4,5,0,0|MYHAND|B33,Kf,R88,Y99,Y33
[连接] #5 从 /127.0.0.1
连接异常: Socket closed
推送注册: moyu2
[连接] #5 从 /127.0.0.1
推送注册: moyu2
连接异常: Socket closed
[连接] #5 从 /127.0.0.1
推送注册: moyu2
连接异常: Socket closed
[连接] #5 从 /127.0.0.1
推送注册: moyu2
连接异常: Socket closed
[连接] #5 从 /127.0.0.1
推送注册: moyu2
连接异常: Socket closed
[连接] #5 从 /127.0.0.1
推送注册: moyu2
连接异常: Socket closed
[连接] #5 从 /127.0.0.1
推送注册: moyu2
连接异常: Socket closed
[连接] #5 从 /127.0.0.1
推送注册: moyu2
连接异常: Socket closed
[连接] #5 从 /127.0.0.1
推送注册: moyu2
连接异常: Socket closed
[连接] #5 从 /127.0.0.1
推送注册: moyu2
连接异常: Socket closed
[连接] #5 从 /127.0.0.1
推送注册: moyu2
连接异常: Socket closed
[连接] #5 从 /127.0.0.1
连接异常: Socket closed
推送注册: moyu2
[连接] #5 从 /127.0.0.1
推送注册: moyu2
连接异常: Socket closed
[推送] -> moyu | 系统 | UNO_STATE:1002|1|0|1|0|0|Y99|0||0||moyu,10|moyu,11,0,0|moyu2,6,0,0|机器人3,10,0,0|机器人4,5,0,0|MYHAND|G55,G77,G33,B44,Bd,R00,Rd,R22,B99,Rd,Y44
[推送] -> moyu2 | 系统 | UNO_STATE:1002|1|0|1|0|0|Y99|0||0||moyu,10|moyu,11,0,0|moyu2,6,0,0|机器人3,10,0,0|机器人4,5,0,0|MYHAND|Kw,R33,Rr,B88,Yr,Y11
[推送] 无会话，无法推送给 机器人3 | UNO_STATE:1002|1|0|1|0|0|Y99|0||0||moyu,10|moyu,11,0,0|moyu2,6,0,0|机器人3,10,0,0|机器人4,5,0,0|MYHAND|B55,Bs,R44,B11,B77,Ys,G11,Yr,R99,Kf
[推送] 无会话，无法推送给 机器人4 | UNO_STATE:1002|1|0|1|0|0|Y99|0||0||moyu,10|moyu,11,0,0|moyu2,6,0,0|机器人3,10,0,0|机器人4,5,0,0|MYHAND|B33,Kf,R88,Y99,Y33
[连接] #5 从 /127.0.0.1
推送注册: moyu2
连接异常: Socket closed
[推送] -> moyu | 系统 | UNO_STATE:1002|1|1|1|0|0|Y44|0||0|||moyu,10,0,0|moyu2,6,0,0|机器人3,10,0,0|机器人4,5,0,0|MYHAND|G55,G77,G33,B44,Bd,R00,Rd,R22,B99,Rd
[推送] -> moyu2 | 系统 | UNO_STATE:1002|1|1|1|0|0|Y44|0||0|||moyu,10,0,0|moyu2,6,0,0|机器人3,10,0,0|机器人4,5,0,0|MYHAND|Kw,R33,Rr,B88,Yr,Y11
[推送] 无会话，无法推送给 机器人3 | UNO_STATE:1002|1|1|1|0|0|Y44|0||0|||moyu,10,0,0|moyu2,6,0,0|机器人3,10,0,0|机器人4,5,0,0|MYHAND|B55,Bs,R44,B11,B77,Ys,G11,Yr,R99,Kf
[推送] 无会话，无法推送给 机器人4 | UNO_STATE:1002|1|1|1|0|0|Y44|0||0|||moyu,10,0,0|moyu2,6,0,0|机器人3,10,0,0|机器人4,5,0,0|MYHAND|B33,Kf,R88,Y99,Y33
[连接] #5 从 /127.0.0.1
推送注册: moyu2
连接异常: Socket closed
[连接] #5 从 /127.0.0.1
推送注册: moyu2
连接异常: Socket closed
[推送] -> moyu | 系统 | UNO_STATE:1002|1|0|-1|0|1|Yr|0||0|||moyu,10,0,0|moyu2,5,0,0|机器人3,10,0,0|机器人4,5,0,0|MYHAND|G55,G77,G33,B44,Bd,R00,Rd,R22,B99,Rd
[推送] -> moyu2 | 系统 | UNO_STATE:1002|1|0|-1|0|1|Yr|0||0|||moyu,10,0,0|moyu2,5,0,0|机器人3,10,0,0|机器人4,5,0,0|MYHAND|Kw,R33,Rr,B88,Y11
[推送] 无会话，无法推送给 机器人3 | UNO_STATE:1002|1|0|-1|0|1|Yr|0||0|||moyu,10,0,0|moyu2,5,0,0|机器人3,10,0,0|机器人4,5,0,0|MYHAND|B55,Bs,R44,B11,B77,Ys,G11,Yr,R99,Kf
[推送] 无会话，无法推送给 机器人4 | UNO_STATE:1002|1|0|-1|0|1|Yr|0||0|||moyu,10,0,0|moyu2,5,0,0|机器人3,10,0,0|机器人4,5,0,0|MYHAND|B33,Kf,R88,Y99,Y33
[连接] #5 从 /127.0.0.1
推送注册: moyu2
连接异常: Socket closed
[连接] #5 从 /127.0.0.1
推送注册: moyu2
连接异常: Socket closed
[连接] #5 从 /127.0.0.1
连接异常: Socket closed
推送注册: moyu2
[推送] -> moyu | 系统 | UNO_STATE:1002|1|3|-1|0|1|Yr|0||0|||moyu,11,0,0|moyu2,5,0,0|机器人3,10,0,0|机器人4,5,0,0|MYHAND|G55,G77,G33,B44,Bd,R00,Rd,R22,B99,Rd,R77
[推送] -> moyu2 | 系统 | UNO_STATE:1002|1|3|-1|0|1|Yr|0||0|||moyu,11,0,0|moyu2,5,0,0|机器人3,10,0,0|机器人4,5,0,0|MYHAND|Kw,R33,Rr,B88,Y11
[推送] 无会话，无法推送给 机器人3 | UNO_STATE:1002|1|3|-1|0|1|Yr|0||0|||moyu,11,0,0|moyu2,5,0,0|机器人3,10,0,0|机器人4,5,0,0|MYHAND|B55,Bs,R44,B11,B77,Ys,G11,Yr,R99,Kf
[推送] 无会话，无法推送给 机器人4 | UNO_STATE:1002|1|3|-1|0|1|Yr|0||0|||moyu,11,0,0|moyu2,5,0,0|机器人3,10,0,0|机器人4,5,0,0|MYHAND|B33,Kf,R88,Y99,Y33
[连接] #5 从 /127.0.0.1
推送注册: moyu2
连接异常: Socket closed
[连接] #5 从 /127.0.0.1
推送注册: moyu2
连接异常: Socket closed
[推送] -> moyu | 系统 | UNO_STATE:1002|1|2|-1|0|1|Y99|0||0|||moyu,11,0,0|moyu2,5,0,0|机器人3,10,0,0|机器人4,4,0,0|MYHAND|G55,G77,G33,B44,Bd,R00,Rd,R22,B99,Rd,R77
[推送] -> moyu2 | 系统 | UNO_STATE:1002|1|2|-1|0|1|Y99|0||0|||moyu,11,0,0|moyu2,5,0,0|机器人3,10,0,0|机器人4,4,0,0|MYHAND|Kw,R33,Rr,B88,Y11
[推送] 无会话，无法推送给 机器人3 | UNO_STATE:1002|1|2|-1|0|1|Y99|0||0|||moyu,11,0,0|moyu2,5,0,0|机器人3,10,0,0|机器人4,4,0,0|MYHAND|B55,Bs,R44,B11,B77,Ys,G11,Yr,R99,Kf
[推送] 无会话，无法推送给 机器人4 | UNO_STATE:1002|1|2|-1|0|1|Y99|0||0|||moyu,11,0,0|moyu2,5,0,0|机器人3,10,0,0|机器人4,4,0,0|MYHAND|B33,Kf,R88,Y33
[连接] #5 从 /127.0.0.1
推送注册: moyu2
连接异常: Socket closed
[连接] #5 从 /127.0.0.1
推送注册: moyu2
连接异常: Socket closed
[推送] -> moyu | 系统 | UNO_STATE:1002|1|0|-1|0|1|Ys|0||0|||moyu,11,0,0|moyu2,5,0,0|机器人3,9,0,0|机器人4,4,0,0|MYHAND|G55,G77,G33,B44,Bd,R00,Rd,R22,B99,Rd,R77
[推送] -> moyu2 | 系统 | UNO_STATE:1002|1|0|-1|0|1|Ys|0||0|||moyu,11,0,0|moyu2,5,0,0|机器人3,9,0,0|机器人4,4,0,0|MYHAND|Kw,R33,Rr,B88,Y11
[推送] 无会话，无法推送给 机器人3 | UNO_STATE:1002|1|0|-1|0|1|Ys|0||0|||moyu,11,0,0|moyu2,5,0,0|机器人3,9,0,0|机器人4,4,0,0|MYHAND|B55,Bs,R44,B11,B77,G11,Yr,R99,Kf
[推送] 无会话，无法推送给 机器人4 | UNO_STATE:1002|1|0|-1|0|1|Ys|0||0|||moyu,11,0,0|moyu2,5,0,0|机器人3,9,0,0|机器人4,4,0,0|MYHAND|B33,Kf,R88,Y33
[连接] #5 从 /127.0.0.1
连接异常: Socket closed
推送注册: moyu2
连接异常: Read timed out
[连接] #4 从 /127.0.0.1
推送注册: moyu2
连接异常: Socket closed
[连接] #4 从 /127.0.0.1
推送注册: moyu
[连接] #5 从 /127.0.0.1
推送注册: moyu2
连接异常: Socket closed
[连接] #5 从 /127.0.0.1
连接异常: Socket closed
推送注册: moyu2
[连接] #5 从 /127.0.0.1
推送注册: moyu2
连接异常: Socket closed
[推送] -> moyu | 系统 | UNO_STATE:1002|1|0|-1|0|1|Ys|0||0||moyu,11|moyu,12,0,0|moyu2,5,0,0|机器人3,9,0,0|机器人4,4,0,0|MYHAND|G55,G77,G33,B44,Bd,R00,Rd,R22,B99,Rd,R77,Rs
[推送] -> moyu2 | 系统 | UNO_STATE:1002|1|0|-1|0|1|Ys|0||0||moyu,11|moyu,12,0,0|moyu2,5,0,0|机器人3,9,0,0|机器人4,4,0,0|MYHAND|Kw,R33,Rr,B88,Y11
[推送] 无会话，无法推送给 机器人3 | UNO_STATE:1002|1|0|-1|0|1|Ys|0||0||moyu,11|moyu,12,0,0|moyu2,5,0,0|机器人3,9,0,0|机器人4,4,0,0|MYHAND|B55,Bs,R44,B11,B77,G11,Yr,R99,Kf
[推送] 无会话，无法推送给 机器人4 | UNO_STATE:1002|1|0|-1|0|1|Ys|0||0||moyu,11|moyu,12,0,0|moyu2,5,0,0|机器人3,9,0,0|机器人4,4,0,0|MYHAND|B33,Kf,R88,Y33
[连接] #5 从 /127.0.0.1
推送注册: moyu2
连接异常: Socket closed
[连接] #5 从 /127.0.0.1
连接异常: Socket closed
推送注册: moyu2
[连接] #5 从 /127.0.0.1
推送注册: moyu2
连接异常: Socket closed
[推送] -> moyu | 系统 | UNO_STATE:1002|0|2|-1|0|1|Rs|0||0|||moyu,11,0,0|moyu2,5,0,0|机器人3,9,0,0|机器人4,4,0,0|MYHAND|G55,G77,G33,B44,Bd,R00,Rd,R22,B99,Rd,R77
[推送] -> moyu2 | 系统 | UNO_STATE:1002|0|2|-1|0|1|Rs|0||0|||moyu,11,0,0|moyu2,5,0,0|机器人3,9,0,0|机器人4,4,0,0|MYHAND|Kw,R33,Rr,B88,Y11
[推送] 无会话，无法推送给 机器人3 | UNO_STATE:1002|0|2|-1|0|1|Rs|0||0|||moyu,11,0,0|moyu2,5,0,0|机器人3,9,0,0|机器人4,4,0,0|MYHAND|B55,Bs,R44,B11,B77,G11,Yr,R99,Kf
[推送] 无会话，无法推送给 机器人4 | UNO_STATE:1002|0|2|-1|0|1|Rs|0||0|||moyu,11,0,0|moyu2,5,0,0|机器人3,9,0,0|机器人4,4,0,0|MYHAND|B33,Kf,R88,Y33
[连接] #5 从 /127.0.0.1
推送注册: moyu2
连接异常: Socket closed
[连接] #5 从 /127.0.0.1
推送注册: moyu2
连接异常: Socket closed
[推送] -> moyu | 系统 | UNO_STATE:1002|3|0|-1|0|1|Bs|0||0|||moyu,11,0,0|moyu2,5,0,0|机器人3,8,0,0|机器人4,4,0,0|MYHAND|G55,G77,G33,B44,Bd,R00,Rd,R22,B99,Rd,R77
[推送] -> moyu2 | 系统 | UNO_STATE:1002|3|0|-1|0|1|Bs|0||0|||moyu,11,0,0|moyu2,5,0,0|机器人3,8,0,0|机器人4,4,0,0|MYHAND|Kw,R33,Rr,B88,Y11
[推送] 无会话，无法推送给 机器人3 | UNO_STATE:1002|3|0|-1|0|1|Bs|0||0|||moyu,11,0,0|moyu2,5,0,0|机器人3,8,0,0|机器人4,4,0,0|MYHAND|B55,R44,B11,B77,G11,Yr,R99,Kf
[推送] 无会话，无法推送给 机器人4 | UNO_STATE:1002|3|0|-1|0|1|Bs|0||0|||moyu,11,0,0|moyu2,5,0,0|机器人3,8,0,0|机器人4,4,0,0|MYHAND|B33,Kf,R88,Y33
[连接] #5 从 /127.0.0.1
连接异常: Socket closed
推送注册: moyu2
[连接] #5 从 /127.0.0.1
连接异常: Socket closed
推送注册: moyu2
[连接] #5 从 /127.0.0.1
推送注册: moyu2
连接异常: Socket closed
[连接] #5 从 /127.0.0.1
推送注册: moyu2
连接异常: Socket closed
[连接] #5 从 /127.0.0.1
推送注册: moyu2
连接异常: Socket closed
[连接] #5 从 /127.0.0.1
推送注册: moyu2
连接异常: Socket closed
[推送] -> moyu | 系统 | UNO_STATE:1002|3|3|-1|2|1|Bd|0||0|||moyu,10,0,0|moyu2,5,0,0|机器人3,8,0,0|机器人4,4,0,0|MYHAND|G55,G77,G33,B44,R00,Rd,R22,B99,Rd,R77
[推送] -> moyu2 | 系统 | UNO_STATE:1002|3|3|-1|2|1|Bd|0||0|||moyu,10,0,0|moyu2,5,0,0|机器人3,8,0,0|机器人4,4,0,0|MYHAND|Kw,R33,Rr,B88,Y11
[推送] 无会话，无法推送给 机器人3 | UNO_STATE:1002|3|3|-1|2|1|Bd|0||0|||moyu,10,0,0|moyu2,5,0,0|机器人3,8,0,0|机器人4,4,0,0|MYHAND|B55,R44,B11,B77,G11,Yr,R99,Kf
[推送] 无会话，无法推送给 机器人4 | UNO_STATE:1002|3|3|-1|2|1|Bd|0||0|||moyu,10,0,0|moyu2,5,0,0|机器人3,8,0,0|机器人4,4,0,0|MYHAND|B33,Kf,R88,Y33
[连接] #5 从 /127.0.0.1
连接异常: Socket closed
推送注册: moyu2
[推送] -> moyu | 系统 | UNO_STATE:1002|0|2|-1|6|1|Kf|0||0|机器人3||moyu,10,0,0|moyu2,5,0,0|机器人3,8,0,0|机器人4,3,0,0|MYHAND|G55,G77,G33,B44,R00,Rd,R22,B99,Rd,R77
[推送] -> moyu2 | 系统 | UNO_STATE:1002|0|2|-1|6|1|Kf|0||0|机器人3||moyu,10,0,0|moyu2,5,0,0|机器人3,8,0,0|机器人4,3,0,0|MYHAND|Kw,R33,Rr,B88,Y11
[推送] 无会话，无法推送给 机器人3 | UNO_STATE:1002|0|2|-1|6|1|Kf|0||0|机器人3||moyu,10,0,0|moyu2,5,0,0|机器人3,8,0,0|机器人4,3,0,0|MYHAND|B55,R44,B11,B77,G11,Yr,R99,Kf
[推送] 无会话，无法推送给 机器人4 | UNO_STATE:1002|0|2|-1|6|1|Kf|0||0|机器人3||moyu,10,0,0|moyu2,5,0,0|机器人3,8,0,0|机器人4,3,0,0|MYHAND|B33,R88,Y33
[连接] #5 从 /127.0.0.1
推送注册: moyu2
连接异常: Socket closed
[连接] #5 从 /127.0.0.1
推送注册: moyu2
连接异常: Socket closed
[连接] #5 从 /127.0.0.1
推送注册: moyu2
连接异常: Socket closed
[连接] #5 从 /127.0.0.1
推送注册: moyu2
连接异常: Socket closed
[连接] #5 从 /127.0.0.1
推送注册: moyu2
连接异常: Socket closed
[连接] #5 从 /127.0.0.1
推送注册: moyu2
连接异常: Socket closed
[连接] #5 从 /127.0.0.1
推送注册: moyu2
连接异常: Socket closed
[连接] #5 从 /127.0.0.1
推送注册: moyu2
连接异常: Socket closed
[连接] #5 从 /127.0.0.1
连接异常: Socket closed
推送注册: moyu2
[推送] -> moyu | 系统 | UNO_STATE:1002|0|1|-1|0|1|Kf|0||0|||moyu,10,0,0|moyu2,5,0,0|机器人3,14,0,0|机器人4,3,0,0|MYHAND|G55,G77,G33,B44,R00,Rd,R22,B99,Rd,R77
[推送] -> moyu2 | 系统 | UNO_STATE:1002|0|1|-1|0|1|Kf|0||0|||moyu,10,0,0|moyu2,5,0,0|机器人3,14,0,0|机器人4,3,0,0|MYHAND|Kw,R33,Rr,B88,Y11
[推送] 无会话，无法推送给 机器人3 | UNO_STATE:1002|0|1|-1|0|1|Kf|0||0|||moyu,10,0,0|moyu2,5,0,0|机器人3,14,0,0|机器人4,3,0,0|MYHAND|B55,R44,B11,B77,G11,Yr,R99,Kf,Kf,Y66,R11,Y44,R55,R22
[推送] 无会话，无法推送给 机器人4 | UNO_STATE:1002|0|1|-1|0|1|Kf|0||0|||moyu,10,0,0|moyu2,5,0,0|机器人3,14,0,0|机器人4,3,0,0|MYHAND|B33,R88,Y33
[连接] #5 从 /127.0.0.1
推送注册: moyu2
连接异常: Socket closed
[连接] #5 从 /127.0.0.1
连接异常: Socket closed
推送注册: moyu2
[连接] #5 从 /127.0.0.1
推送注册: moyu2
连接异常: Socket closed
[连接] #5 从 /127.0.0.1
推送注册: moyu2
连接异常: Socket closed
[连接] #5 从 /127.0.0.1
推送注册: moyu2
连接异常: Socket closed
[推送] -> moyu | 系统 | UNO_STATE:1002|0|2|1|0|0|Rr|0||0|||moyu,10,0,0|moyu2,4,0,0|机器人3,14,0,0|机器人4,3,0,0|MYHAND|G55,G77,G33,B44,R00,Rd,R22,B99,Rd,R77
[推送] -> moyu2 | 系统 | UNO_STATE:1002|0|2|1|0|0|Rr|0||0|||moyu,10,0,0|moyu2,4,0,0|机器人3,14,0,0|机器人4,3,0,0|MYHAND|Kw,R33,B88,Y11
[推送] 无会话，无法推送给 机器人3 | UNO_STATE:1002|0|2|1|0|0|Rr|0||0|||moyu,10,0,0|moyu2,4,0,0|机器人3,14,0,0|机器人4,3,0,0|MYHAND|B55,R44,B11,B77,G11,Yr,R99,Kf,Kf,Y66,R11,Y44,R55,R22
[推送] 无会话，无法推送给 机器人4 | UNO_STATE:1002|0|2|1|0|0|Rr|0||0|||moyu,10,0,0|moyu2,4,0,0|机器人3,14,0,0|机器人4,3,0,0|MYHAND|B33,R88,Y33
[连接] #5 从 /127.0.0.1
推送注册: moyu2
连接异常: Socket closed
连接异常: Read timed out
[推送] -> moyu | 系统 | UNO_STATE:1002|0|3|1|0|0|R44|0||0|||moyu,10,0,0|moyu2,4,0,0|机器人3,13,0,0|机器人4,3,0,0|MYHAND|G55,G77,G33,B44,R00,Rd,R22,B99,Rd,R77
[推送] -> moyu2 | 系统 | UNO_STATE:1002|0|3|1|0|0|R44|0||0|||moyu,10,0,0|moyu2,4,0,0|机器人3,13,0,0|机器人4,3,0,0|MYHAND|Kw,R33,B88,Y11
[推送] 无会话，无法推送给 机器人3 | UNO_STATE:1002|0|3|1|0|0|R44|0||0|||moyu,10,0,0|moyu2,4,0,0|机器人3,13,0,0|机器人4,3,0,0|MYHAND|B55,B11,B77,G11,Yr,R99,Kf,Kf,Y66,R11,Y44,R55,R22
[推送] 无会话，无法推送给 机器人4 | UNO_STATE:1002|0|3|1|0|0|R44|0||0|||moyu,10,0,0|moyu2,4,0,0|机器人3,13,0,0|机器人4,3,0,0|MYHAND|B33,R88,Y33
[连接] #4 从 /127.0.0.1
推送注册: moyu2
连接异常: Socket closed
[连接] #4 从 /127.0.0.1
推送注册: moyu
[连接] #5 从 /127.0.0.1
推送注册: moyu2
连接异常: Socket closed
[连接] #5 从 /127.0.0.1
推送注册: moyu2
连接异常: Socket closed
[推送] -> moyu | 系统 | UNO_STATE:1002|0|0|1|0|0|R88|0||0|||moyu,10,0,0|moyu2,4,0,0|机器人3,13,0,0|机器人4,2,0,0|MYHAND|G55,G77,G33,B44,R00,Rd,R22,B99,Rd,R77
[推送] -> moyu2 | 系统 | UNO_STATE:1002|0|0|1|0|0|R88|0||0|||moyu,10,0,0|moyu2,4,0,0|机器人3,13,0,0|机器人4,2,0,0|MYHAND|Kw,R33,B88,Y11
[推送] 无会话，无法推送给 机器人3 | UNO_STATE:1002|0|0|1|0|0|R88|0||0|||moyu,10,0,0|moyu2,4,0,0|机器人3,13,0,0|机器人4,2,0,0|MYHAND|B55,B11,B77,G11,Yr,R99,Kf,Kf,Y66,R11,Y44,R55,R22
[推送] 无会话，无法推送给 机器人4 | UNO_STATE:1002|0|0|1|0|0|R88|0||0|||moyu,10,0,0|moyu2,4,0,0|机器人3,13,0,0|机器人4,2,0,0|MYHAND|B33,Y33
[连接] #5 从 /127.0.0.1
连接异常: Socket closed
推送注册: moyu2
[连接] #5 从 /127.0.0.1
推送注册: moyu2
连接异常: Socket closed
[连接] #5 从 /127.0.0.1
推送注册: moyu2
连接异常: Socket closed
[连接] #5 从 /127.0.0.1
推送注册: moyu2
连接异常: Socket closed
[连接] #5 从 /127.0.0.1
推送注册: moyu2
连接异常: Socket closed
[推送] -> moyu | 系统 | UNO_STATE:1002|0|1|1|0|0|R77|0||0|||moyu,9,0,0|moyu2,4,0,0|机器人3,13,0,0|机器人4,2,0,0|MYHAND|G55,G77,G33,B44,R00,Rd,R22,B99,Rd
[推送] -> moyu2 | 系统 | UNO_STATE:1002|0|1|1|0|0|R77|0||0|||moyu,9,0,0|moyu2,4,0,0|机器人3,13,0,0|机器人4,2,0,0|MYHAND|Kw,R33,B88,Y11
[推送] 无会话，无法推送给 机器人3 | UNO_STATE:1002|0|1|1|0|0|R77|0||0|||moyu,9,0,0|moyu2,4,0,0|机器人3,13,0,0|机器人4,2,0,0|MYHAND|B55,B11,B77,G11,Yr,R99,Kf,Kf,Y66,R11,Y44,R55,R22
[推送] 无会话，无法推送给 机器人4 | UNO_STATE:1002|0|1|1|0|0|R77|0||0|||moyu,9,0,0|moyu2,4,0,0|机器人3,13,0,0|机器人4,2,0,0|MYHAND|B33,Y33
[连接] #5 从 /127.0.0.1
推送注册: moyu2
连接异常: Socket closed
[推送] -> moyu | 系统 | UNO_STATE:1002|0|2|1|0|0|R33|0||0|||moyu,9,0,0|moyu2,3,0,0|机器人3,13,0,0|机器人4,2,0,0|MYHAND|G55,G77,G33,B44,R00,Rd,R22,B99,Rd
[推送] -> moyu2 | 系统 | UNO_STATE:1002|0|2|1|0|0|R33|0||0|||moyu,9,0,0|moyu2,3,0,0|机器人3,13,0,0|机器人4,2,0,0|MYHAND|Kw,B88,Y11
[推送] 无会话，无法推送给 机器人3 | UNO_STATE:1002|0|2|1|0|0|R33|0||0|||moyu,9,0,0|moyu2,3,0,0|机器人3,13,0,0|机器人4,2,0,0|MYHAND|B55,B11,B77,G11,Yr,R99,Kf,Kf,Y66,R11,Y44,R55,R22
[推送] 无会话，无法推送给 机器人4 | UNO_STATE:1002|0|2|1|0|0|R33|0||0|||moyu,9,0,0|moyu2,3,0,0|机器人3,13,0,0|机器人4,2,0,0|MYHAND|B33,Y33
[连接] #5 从 /127.0.0.1
推送注册: moyu2
连接异常: Socket closed
[连接] #5 从 /127.0.0.1
推送注册: moyu2
连接异常: Socket closed
[推送] -> moyu | 系统 | UNO_STATE:1002|0|3|1|0|0|R99|0||0|||moyu,9,0,0|moyu2,3,0,0|机器人3,12,0,0|机器人4,2,0,0|MYHAND|G55,G77,G33,B44,R00,Rd,R22,B99,Rd
[推送] -> moyu2 | 系统 | UNO_STATE:1002|0|3|1|0|0|R99|0||0|||moyu,9,0,0|moyu2,3,0,0|机器人3,12,0,0|机器人4,2,0,0|MYHAND|Kw,B88,Y11
[推送] 无会话，无法推送给 机器人3 | UNO_STATE:1002|0|3|1|0|0|R99|0||0|||moyu,9,0,0|moyu2,3,0,0|机器人3,12,0,0|机器人4,2,0,0|MYHAND|B55,B11,B77,G11,Yr,Kf,Kf,Y66,R11,Y44,R55,R22
[推送] 无会话，无法推送给 机器人4 | UNO_STATE:1002|0|3|1|0|0|R99|0||0|||moyu,9,0,0|moyu2,3,0,0|机器人3,12,0,0|机器人4,2,0,0|MYHAND|B33,Y33
[连接] #5 从 /127.0.0.1
连接异常: Socket closed
推送注册: moyu2
[连接] #5 从 /127.0.0.1
推送注册: moyu2
连接异常: Socket closed
[推送] -> moyu | 系统 | UNO_STATE:1002|0|0|1|0|0|R99|0||0|||moyu,9,0,0|moyu2,3,0,0|机器人3,12,0,0|机器人4,3,0,0|MYHAND|G55,G77,G33,B44,R00,Rd,R22,B99,Rd
[推送] -> moyu2 | 系统 | UNO_STATE:1002|0|0|1|0|0|R99|0||0|||moyu,9,0,0|moyu2,3,0,0|机器人3,12,0,0|机器人4,3,0,0|MYHAND|Kw,B88,Y11
[推送] 无会话，无法推送给 机器人3 | UNO_STATE:1002|0|0|1|0|0|R99|0||0|||moyu,9,0,0|moyu2,3,0,0|机器人3,12,0,0|机器人4,3,0,0|MYHAND|B55,B11,B77,G11,Yr,Kf,Kf,Y66,R11,Y44,R55,R22
[推送] 无会话，无法推送给 机器人4 | UNO_STATE:1002|0|0|1|0|0|R99|0||0|||moyu,9,0,0|moyu2,3,0,0|机器人3,12,0,0|机器人4,3,0,0|MYHAND|B33,Y33,G66
[连接] #5 从 /127.0.0.1
推送注册: moyu2
连接异常: Socket closed
[推送] -> moyu | 系统 | UNO_STATE:1002|3|1|1|0|0|B99|0||0|||moyu,8,0,0|moyu2,3,0,0|机器人3,12,0,0|机器人4,3,0,0|MYHAND|G55,G77,G33,B44,R00,Rd,R22,Rd
[推送] -> moyu2 | 系统 | UNO_STATE:1002|3|1|1|0|0|B99|0||0|||moyu,8,0,0|moyu2,3,0,0|机器人3,12,0,0|机器人4,3,0,0|MYHAND|Kw,B88,Y11
[推送] 无会话，无法推送给 机器人3 | UNO_STATE:1002|3|1|1|0|0|B99|0||0|||moyu,8,0,0|moyu2,3,0,0|机器人3,12,0,0|机器人4,3,0,0|MYHAND|B55,B11,B77,G11,Yr,Kf,Kf,Y66,R11,Y44,R55,R22
[推送] 无会话，无法推送给 机器人4 | UNO_STATE:1002|3|1|1|0|0|B99|0||0|||moyu,8,0,0|moyu2,3,0,0|机器人3,12,0,0|机器人4,3,0,0|MYHAND|B33,Y33,G66
[连接] #5 从 /127.0.0.1
推送注册: moyu2
连接异常: Socket closed
[连接] #5 从 /127.0.0.1
连接异常: Socket closed
推送注册: moyu2
[连接] #5 从 /127.0.0.1
推送注册: moyu2
连接异常: Socket closed
[连接] #5 从 /127.0.0.1
推送注册: moyu2
连接异常: Socket closed
[推送] -> moyu | 系统 | UNO_STATE:1002|3|2|1|0|0|B88|0||0|||moyu,8,0,0|moyu2,2,0,0|机器人3,12,0,0|机器人4,3,0,0|MYHAND|G55,G77,G33,B44,R00,Rd,R22,Rd
[推送] -> moyu2 | 系统 | UNO_STATE:1002|3|2|1|0|0|B88|0||0|||moyu,8,0,0|moyu2,2,0,0|机器人3,12,0,0|机器人4,3,0,0|MYHAND|Kw,Y11
[推送] 无会话，无法推送给 机器人3 | UNO_STATE:1002|3|2|1|0|0|B88|0||0|||moyu,8,0,0|moyu2,2,0,0|机器人3,12,0,0|机器人4,3,0,0|MYHAND|B55,B11,B77,G11,Yr,Kf,Kf,Y66,R11,Y44,R55,R22
[推送] 无会话，无法推送给 机器人4 | UNO_STATE:1002|3|2|1|0|0|B88|0||0|||moyu,8,0,0|moyu2,2,0,0|机器人3,12,0,0|机器人4,3,0,0|MYHAND|B33,Y33,G66
[连接] #5 从 /127.0.0.1
推送注册: moyu2
连接异常: Socket closed
[连接] #5 从 /127.0.0.1
推送注册: moyu2
连接异常: Socket closed
[推送] -> moyu | 系统 | UNO_STATE:1002|3|3|1|0|0|B55|0||0|||moyu,8,0,0|moyu2,2,0,0|机器人3,11,0,0|机器人4,3,0,0|MYHAND|G55,G77,G33,B44,R00,Rd,R22,Rd
[推送] -> moyu2 | 系统 | UNO_STATE:1002|3|3|1|0|0|B55|0||0|||moyu,8,0,0|moyu2,2,0,0|机器人3,11,0,0|机器人4,3,0,0|MYHAND|Kw,Y11
[推送] 无会话，无法推送给 机器人3 | UNO_STATE:1002|3|3|1|0|0|B55|0||0|||moyu,8,0,0|moyu2,2,0,0|机器人3,11,0,0|机器人4,3,0,0|MYHAND|B11,B77,G11,Yr,Kf,Kf,Y66,R11,Y44,R55,R22
[推送] 无会话，无法推送给 机器人4 | UNO_STATE:1002|3|3|1|0|0|B55|0||0|||moyu,8,0,0|moyu2,2,0,0|机器人3,11,0,0|机器人4,3,0,0|MYHAND|B33,Y33,G66
[连接] #5 从 /127.0.0.1
推送注册: moyu2
连接异常: Socket closed
[连接] #5 从 /127.0.0.1
连接异常: Socket closed
推送注册: moyu2
[推送] -> moyu | 系统 | UNO_STATE:1002|3|0|1|0|0|B33|0||0|||moyu,8,0,0|moyu2,2,0,0|机器人3,11,0,0|机器人4,2,0,0|MYHAND|G55,G77,G33,B44,R00,Rd,R22,Rd
[推送] -> moyu2 | 系统 | UNO_STATE:1002|3|0|1|0|0|B33|0||0|||moyu,8,0,0|moyu2,2,0,0|机器人3,11,0,0|机器人4,2,0,0|MYHAND|Kw,Y11
[推送] 无会话，无法推送给 机器人3 | UNO_STATE:1002|3|0|1|0|0|B33|0||0|||moyu,8,0,0|moyu2,2,0,0|机器人3,11,0,0|机器人4,2,0,0|MYHAND|B11,B77,G11,Yr,Kf,Kf,Y66,R11,Y44,R55,R22
[推送] 无会话，无法推送给 机器人4 | UNO_STATE:1002|3|0|1|0|0|B33|0||0|||moyu,8,0,0|moyu2,2,0,0|机器人3,11,0,0|机器人4,2,0,0|MYHAND|Y33,G66
[连接] #5 从 /127.0.0.1
推送注册: moyu2
连接异常: Socket closed
[连接] #5 从 /127.0.0.1
连接异常: Socket closed
推送注册: moyu2
[连接] #5 从 /127.0.0.1
连接异常: Socket closed
推送注册: moyu2
[连接] #5 从 /127.0.0.1
连接异常: Socket closed
推送注册: moyu2
[连接] #5 从 /127.0.0.1
推送注册: moyu2
连接异常: Socket closed
[推送] -> moyu | 系统 | UNO_STATE:1002|3|1|1|0|0|B44|0||0|||moyu,7,0,0|moyu2,2,0,0|机器人3,11,0,0|机器人4,2,0,0|MYHAND|G55,G77,G33,R00,Rd,R22,Rd
[推送] -> moyu2 | 系统 | UNO_STATE:1002|3|1|1|0|0|B44|0||0|||moyu,7,0,0|moyu2,2,0,0|机器人3,11,0,0|机器人4,2,0,0|MYHAND|Kw,Y11
[推送] 无会话，无法推送给 机器人3 | UNO_STATE:1002|3|1|1|0|0|B44|0||0|||moyu,7,0,0|moyu2,2,0,0|机器人3,11,0,0|机器人4,2,0,0|MYHAND|B11,B77,G11,Yr,Kf,Kf,Y66,R11,Y44,R55,R22
[推送] 无会话，无法推送给 机器人4 | UNO_STATE:1002|3|1|1|0|0|B44|0||0|||moyu,7,0,0|moyu2,2,0,0|机器人3,11,0,0|机器人4,2,0,0|MYHAND|Y33,G66
[连接] #5 从 /127.0.0.1
推送注册: moyu2
连接异常: Socket closed
[连接] #5 从 /127.0.0.1
推送注册: moyu2
连接异常: Socket closed
[连接] #5 从 /127.0.0.1
推送注册: moyu2
连接异常: Socket closed
[连接] #5 从 /127.0.0.1
推送注册: moyu2
连接异常: Socket closed
[推送] -> moyu | 系统 | UNO_STATE:1002|1|2|1|0|0|Kw|0||0|||moyu,7,0,0|moyu2,1,0,1|机器人3,11,0,0|机器人4,2,0,0|MYHAND|G55,G77,G33,R00,Rd,R22,Rd
[推送] -> moyu2 | 系统 | UNO_STATE:1002|1|2|1|0|0|Kw|0||0|||moyu,7,0,0|moyu2,1,0,1|机器人3,11,0,0|机器人4,2,0,0|MYHAND|Y11
[推送] 无会话，无法推送给 机器人3 | UNO_STATE:1002|1|2|1|0|0|Kw|0||0|||moyu,7,0,0|moyu2,1,0,1|机器人3,11,0,0|机器人4,2,0,0|MYHAND|B11,B77,G11,Yr,Kf,Kf,Y66,R11,Y44,R55,R22
[推送] 无会话，无法推送给 机器人4 | UNO_STATE:1002|1|2|1|0|0|Kw|0||0|||moyu,7,0,0|moyu2,1,0,1|机器人3,11,0,0|机器人4,2,0,0|MYHAND|Y33,G66
连接异常: Read timed out
[连接] #4 从 /127.0.0.1
推送注册: moyu2
连接异常: Socket closed
[连接] #4 从 /127.0.0.1
推送注册: moyu
[推送] -> moyu | 系统 | UNO_STATE:1002|1|1|-1|0|1|Yr|0||0|||moyu,7,0,0|moyu2,1,0,0|机器人3,10,0,0|机器人4,2,0,0|MYHAND|G55,G77,G33,R00,Rd,R22,Rd
[推送] -> moyu2 | 系统 | UNO_STATE:1002|1|1|-1|0|1|Yr|0||0|||moyu,7,0,0|moyu2,1,0,0|机器人3,10,0,0|机器人4,2,0,0|MYHAND|Y11
[推送] 无会话，无法推送给 机器人3 | UNO_STATE:1002|1|1|-1|0|1|Yr|0||0|||moyu,7,0,0|moyu2,1,0,0|机器人3,10,0,0|机器人4,2,0,0|MYHAND|B11,B77,G11,Kf,Kf,Y66,R11,Y44,R55,R22
[推送] 无会话，无法推送给 机器人4 | UNO_STATE:1002|1|1|-1|0|1|Yr|0||0|||moyu,7,0,0|moyu2,1,0,0|机器人3,10,0,0|机器人4,2,0,0|MYHAND|Y33,G66
[连接] #5 从 /127.0.0.1
推送注册: moyu2
连接异常: Socket closed
[连接] #5 从 /127.0.0.1
连接异常: Socket closed
推送注册: moyu2
[连接] #5 从 /127.0.0.1
推送注册: moyu2
连接异常: Socket closed
[连接] #5 从 /127.0.0.1
推送注册: moyu2
连接异常: Socket closed
[连接] #5 从 /127.0.0.1
连接异常: Socket closed
推送注册: moyu2
[连接] #5 从 /127.0.0.1
推送注册: moyu2
连接异常: Socket closed
[连接] #5 从 /127.0.0.1
推送注册: moyu2
连接异常: Socket closed
[连接] #5 从 /127.0.0.1
推送注册: moyu2
连接异常: Socket closed
[连接] #5 从 /127.0.0.1
推送注册: moyu2
连接异常: Socket closed
[推送] -> moyu | 系统 | UNO_STATE:1002|1|1|-1|0|1|Y11|1|moyu2|0|||moyu,7,0,0|moyu2,0,0,0|机器人3,10,0,0|机器人4,2,0,0|MYHAND|G55,G77,G33,R00,Rd,R22,Rd
[推送] -> moyu2 | 系统 | UNO_STATE:1002|1|1|-1|0|1|Y11|1|moyu2|0|||moyu,7,0,0|moyu2,0,0,0|机器人3,10,0,0|机器人4,2,0,0|MYHAND|
[推送] 无会话，无法推送给 机器人3 | UNO_STATE:1002|1|1|-1|0|1|Y11|1|moyu2|0|||moyu,7,0,0|moyu2,0,0,0|机器人3,10,0,0|机器人4,2,0,0|MYHAND|B11,B77,G11,Kf,Kf,Y66,R11,Y44,R55,R22
[推送] 无会话，无法推送给 机器人4 | UNO_STATE:1002|1|1|-1|0|1|Y11|1|moyu2|0|||moyu,7,0,0|moyu2,0,0,0|机器人3,10,0,0|机器人4,2,0,0|MYHAND|Y33,G66
[连接] #5 从 /127.0.0.1
连接异常: Socket closed
推送注册: moyu2
[推送] -> moyu | 系统 | DUEL_GAME_OVER:1002:moyu,FAIL:0:57;moyu2,WIN:0:0;机器人3,FAIL:0:127;机器人4,FAIL:0:9;
[推送] -> moyu2 | 系统 | DUEL_GAME_OVER:1002:moyu,FAIL:0:57;moyu2,WIN:0:0;机器人3,FAIL:0:127;机器人4,FAIL:0:9;
[推送] 无会话，无法推送给 机器人3 | DUEL_GAME_OVER:1002:moyu,FAIL:0:57;moyu2,WIN:0:0;机器人3,FAIL:0:127;机器人4,FAIL:0:9;
[推送] 无会话，无法推送给 机器人4 | DUEL_GAME_OVER:1002:moyu,FAIL:0:57;moyu2,WIN:0:0;机器人3,FAIL:0:127;机器人4,FAIL:0:9;
[推送] -> moyu | 系统 | DUEL_STATE:1002|0|4|UNO|moyu,0|moyu2,0
[推送] -> moyu2 | 系统 | DUEL_STATE:1002|0|4|UNO|moyu,0|moyu2,0
[连接] #5 从 /127.0.0.1
推送注册: moyu2
连接异常: Socket closed
[连接] #5 从 /127.0.0.1
推送注册: moyu2
连接异常: Socket closed
[连接] #5 从 /127.0.0.1
连接异常: Socket closed
推送注册: moyu2
[连接] #5 从 /127.0.0.1
推送注册: moyu2
连接异常: Socket closed
[连接] #5 从 /127.0.0.1
推送注册: moyu2
连接异常: Socket closed
[连接] #5 从 /127.0.0.1
连接异常: Socket closed
推送注册: moyu2
[连接] #5 从 /127.0.0.1
推送注册: moyu2
连接异常: Socket closed
[连接] #5 从 /127.0.0.1
推送注册: moyu2
连接异常: Socket closed
[连接] #5 从 /127.0.0.1
推送注册: moyu2
连接异常: Socket closed
[连接] #5 从 /127.0.0.1
推送注册: moyu2
连接异常: Socket closed
[连接] #5 从 /127.0.0.1
推送注册: moyu2
连接异常: Socket closed
[连接] #5 从 /127.0.0.1
推送注册: moyu2
连接异常: Socket closed
[连接] #5 从 /127.0.0.1
推送注册: moyu2
连接异常: Socket closed
[连接] #5 从 /127.0.0.1
推送注册: moyu2
连接异常: Socket closed
[连接] #5 从 /127.0.0.1
推送注册: moyu2
连接异常: Socket closed
[连接] #5 从 /127.0.0.1
连接异常: Socket closed
推送注册: moyu2
[连接] #5 从 /127.0.0.1
推送注册: moyu2
连接异常: Socket closed
[连接] #5 从 /127.0.0.1
推送注册: moyu2
连接异常: Socket closed
[连接] #5 从 /127.0.0.1
推送注册: moyu2
连接异常: Socket closed
[连接] #5 从 /127.0.0.1
推送注册: moyu2
连接异常: Socket closed
连接异常: Read timed out
[连接] #4 从 /127.0.0.1
推送注册: moyu2
连接异常: Socket closed
[连接] #4 从 /127.0.0.1
推送注册: moyu
[连接] #5 从 /127.0.0.1
推送注册: moyu2
连接异常: Socket closed
[连接] #5 从 /127.0.0.1
推送注册: moyu2
连接异常: Socket closed
[连接] #5 从 /127.0.0.1
连接异常: Socket closed
推送注册: moyu2
[连接] #5 从 /127.0.0.1
连接异常: Socket closed
推送注册: moyu2
[连接] #5 从 /127.0.0.1
推送注册: moyu2
连接异常: Socket closed
[推送] -> moyu | 系统 | DUEL_STATE:1002|0|4|UNO|moyu,0
[连接] #5 从 /127.0.0.1
推送注册: moyu2
连接异常: Socket closed
[连接] #5 从 /127.0.0.1
推送注册: moyu2
连接异常: Socket closed
[连接] #5 从 /127.0.0.1
推送注册: moyu2
连接异常: Socket closed
[连接] #5 从 /127.0.0.1
推送注册: moyu2
连接异常: Socket closed
推送断开: moyu
[连接] #3 从 /127.0.0.1
推送注册: moyu2
连接异常: Socket closed
[连接] #3 从 /127.0.0.1
推送注册: moyu2
连接异常: Socket closed
[连接] #3 从 /127.0.0.1
推送注册: moyu2
连接异常: Socket closed
[连接] #3 从 /127.0.0.1
推送注册: moyu2
连接异常: Socket closed
[连接] #3 从 /127.0.0.1
推送注册: moyu2
连接异常: Socket closed
[连接] #3 从 /127.0.0.1
